  train zone: MANT+DEMI
      MANT    38.4908N  28.5579E
      DEMI    39.0428N  28.7162E
      30 qualifying event(s) inside the archive span, within 150 km of the nearest
          (106 in the catalogue overall; the earlier ones still set `days since previous`)
  test zone: MANT+DEMI
      MANT    38.4908N  28.5579E
      DEMI    39.0428N  28.7162E
      30 qualifying event(s) inside the archive span, within 150 km of the nearest
          (106 in the catalogue overall; the earlier ones still set `days since previous`)

  20,136 hourly rows, 2 station(s), 207 feature(s) each
  hourly positive rate: train zone 0.243
    MANT   present  88.0% of hours
    DEMI   present  64.0% of hours
    all stations: any  98.4%   all  53.6%
  19,809 usable train window(s) of 20,113
  device cuda, seeds [42, 43, 44], arm=features, mode=classify, embargo 359h

================================================================
fold 1/5
================================================================
  splits (chronological): train=2829 val=2471 test=2471
    train: positive rate 0.119
    val  : positive rate 0.000
    test : positive rate 0.137

  pos rate over time (equal-width blocks):
    2024-04-23 .. 2024-07-15  pos rate 0.167  n=2013  split~train
    2024-07-15 .. 2024-10-07  pos rate 0.000  n=2014  split~train
    2024-10-07 .. 2024-12-30  pos rate 0.000  n=2013  split~val
    2024-12-30 .. 2025-03-24  pos rate 0.000  n=2014  split~test
    2025-03-24 .. 2025-06-16  pos rate 0.335  n=2014  split~test
    2025-06-16 .. 2025-09-08  pos rate 0.509  n=2013  split~-
    2025-09-08 .. 2025-12-01  pos rate 0.774  n=2014  split~-
    2025-12-01 .. 2026-02-23  pos rate 0.313  n=2013  split~-
    2026-02-23 .. 2026-05-18  pos rate 0.334  n=2014  split~-
    2026-05-18 .. 2026-08-09  pos rate 0.000  n=2014  split~-
    test coverage MANT  : 100.0% of hours
    test coverage DEMI  :  42.2% of hours
    [stats] 1 station(s) absent for the whole training split; standardized with the identity, and masked out at every hour anyway
          [!] with a held-out zone, a station absent here is NOT masked at test time --
              it will be fed raw while the training stations were z-scored. Choose a train
              window that overlaps the test stations' archive.
  [seed 42] epoch 1/40  train loss 0.7020  val loss 0.3518  val AUC nan
  [seed 42] epoch 2/40  train loss 0.1538  val loss 0.3620  val AUC nan
  [seed 42] epoch 3/40  train loss 0.0209  val loss 0.2918  val AUC nan
  [seed 42] epoch 4/40  train loss 0.0131  val loss 0.4264  val AUC nan
  [seed 42] epoch 5/40  train loss 0.0197  val loss 0.3904  val AUC nan
  [seed 42] epoch 6/40  train loss 0.0315  val loss 0.4024  val AUC nan
  [seed 42] epoch 7/40  train loss 0.0117  val loss 0.6298  val AUC nan
  [seed 42] epoch 8/40  train loss 0.0098  val loss 0.5525  val AUC nan
  [seed 42] test loss 7.4531  test AUC 0.3701
  [seed 43] epoch 1/40  train loss 0.7094  val loss 0.4562  val AUC nan
  [seed 43] epoch 2/40  train loss 0.1578  val loss 0.1740  val AUC nan
  [seed 43] epoch 3/40  train loss 0.0309  val loss 0.2066  val AUC nan
  [seed 43] epoch 4/40  train loss 0.0187  val loss 0.2828  val AUC nan
  [seed 43] epoch 5/40  train loss 0.0055  val loss 0.3311  val AUC nan
  [seed 43] epoch 6/40  train loss 0.0195  val loss 0.3269  val AUC nan
  [seed 43] epoch 7/40  train loss 0.0088  val loss 0.3227  val AUC nan
  [seed 43] epoch 8/40  train loss 0.0144  val loss 0.5118  val AUC nan
  [seed 43] test loss 7.6672  test AUC 0.5059
  [seed 44] epoch 1/40  train loss 0.7749  val loss 0.3726  val AUC nan
  [seed 44] epoch 2/40  train loss 0.1848  val loss 0.1831  val AUC nan
  [seed 44] epoch 3/40  train loss 0.0235  val loss 0.2530  val AUC nan
  [seed 44] epoch 4/40  train loss 0.0166  val loss 0.3050  val AUC nan
  [seed 44] epoch 5/40  train loss 0.0096  val loss 0.2565  val AUC nan
  [seed 44] epoch 6/40  train loss 0.0102  val loss 0.2763  val AUC nan
  [seed 44] epoch 7/40  train loss 0.0255  val loss 0.4695  val AUC nan
  [seed 44] epoch 8/40  train loss 0.0338  val loss 0.2572  val AUC nan
  [seed 44] test loss 7.3003  test AUC 0.5169

--- Floors (test set) ---
  base-rate (majority)   AUC 0.5000   n=2471
  persistence            AUC 0.5027   Brier 0.1368   n=2471
  -> floor to clear      AUC 0.5027   (oriented: a rule below 0.5 is inverted for free)

--- multistation[features] ---
  per-seed AUC: ['0.3701', '0.5059', '0.5169']  mean 0.4643  spread 0.1468
  ENSEMBLE (mean of 3 seeds' probabilities)   AUC 0.5396   n=2471

--- multistation[features] ensemble (fold 1/5, test set) ---
  n                    2471
  accuracy             0.8122
  balanced_accuracy    0.4707
  precision            0.0000
  recall               0.0000
  f1                   0.0000
  roc_auc              0.5396
  pr_auc               0.1331
  mcc                  -0.0920
  brier                0.1829
  log_loss             1.2120
  brier_skill_score_vs_persistence -0.3372
  confusion_matrix:
    [2007, 125]
    [339, 0]

================================================================
fold 2/5
================================================================
  splits (chronological): train=5300 val=2471 test=2471
    train: positive rate 0.063
    val  : positive rate 0.137
    test : positive rate 0.375

  pos rate over time (equal-width blocks):
    2024-04-23 .. 2024-07-15  pos rate 0.167  n=2013  split~train
    2024-07-15 .. 2024-10-07  pos rate 0.000  n=2014  split~train
    2024-10-07 .. 2024-12-30  pos rate 0.000  n=2013  split~train
    2024-12-30 .. 2025-03-24  pos rate 0.000  n=2014  split~val
    2025-03-24 .. 2025-06-16  pos rate 0.335  n=2014  split~test
    2025-06-16 .. 2025-09-08  pos rate 0.509  n=2013  split~test
    2025-09-08 .. 2025-12-01  pos rate 0.774  n=2014  split~-
    2025-12-01 .. 2026-02-23  pos rate 0.313  n=2013  split~-
    2026-02-23 .. 2026-05-18  pos rate 0.334  n=2014  split~-
    2026-05-18 .. 2026-08-09  pos rate 0.000  n=2014  split~-

  [!] test pos rate (0.375) is 5.91x train's (0.063) -- likely a swarm or quiet period concentrated in one split rather than the model generalizing. Compare against the floors below (same skew), not against a nominal baseline.
    test coverage MANT  :  85.2% of hours
    test coverage DEMI  : 100.0% of hours
  [seed 42] epoch 1/40  train loss 0.7394  val loss 5.7122  val AUC 0.5071
  [seed 42] epoch 2/40  train loss 0.1311  val loss 11.3772  val AUC 0.3172
  [seed 42] epoch 3/40  train loss 0.0519  val loss 14.0870  val AUC 0.2730
  [seed 42] epoch 4/40  train loss 0.0225  val loss 15.6957  val AUC 0.2267
  [seed 42] epoch 5/40  train loss 0.0359  val loss 16.7603  val AUC 0.2401
  [seed 42] epoch 6/40  train loss 0.0213  val loss 17.4919  val AUC 0.2903
  [seed 42] epoch 7/40  train loss 0.0181  val loss 18.2439  val AUC 0.3461
  [seed 42] epoch 8/40  train loss 0.0172  val loss 18.6972  val AUC 0.3370
  [seed 42] epoch 9/40  train loss 0.0037  val loss 19.2515  val AUC 0.2944
  [seed 42] test loss 11.1800  test AUC 0.5472
  [seed 43] epoch 1/40  train loss 0.6034  val loss 6.5761  val AUC 0.5839
  [seed 43] epoch 2/40  train loss 0.1304  val loss 11.6827  val AUC 0.5416
  [seed 43] epoch 3/40  train loss 0.0314  val loss 14.1345  val AUC 0.5252
  [seed 43] epoch 4/40  train loss 0.0124  val loss 15.5882  val AUC 0.5859
  [seed 43] epoch 5/40  train loss 0.0190  val loss 16.5259  val AUC 0.6145
  [seed 43] epoch 6/40  train loss 0.0085  val loss 16.2149  val AUC 0.6832
  [seed 43] epoch 7/40  train loss 0.0221  val loss 18.2832  val AUC 0.6233
  [seed 43] epoch 8/40  train loss 0.0291  val loss 19.0175  val AUC 0.5673
  [seed 43] epoch 9/40  train loss 0.0010  val loss 19.5535  val AUC 0.6170
  [seed 43] epoch 10/40  train loss 0.0228  val loss 20.0434  val AUC 0.5254
  [seed 43] epoch 11/40  train loss 0.0321  val loss 20.2900  val AUC 0.5768
  [seed 43] epoch 12/40  train loss 0.0036  val loss 20.6783  val AUC 0.5878
  [seed 43] epoch 13/40  train loss 0.0017  val loss 20.9785  val AUC 0.5963
  [seed 43] epoch 14/40  train loss 0.0060  val loss 21.3342  val AUC 0.5713
  [seed 43] test loss 34.1291  test AUC 0.5095
  [seed 44] epoch 1/40  train loss 0.6669  val loss 6.9123  val AUC 0.5141
  [seed 44] epoch 2/40  train loss 0.1026  val loss 12.4492  val AUC 0.1973
  [seed 44] epoch 3/40  train loss 0.0686  val loss 14.4834  val AUC 0.1818
  [seed 44] epoch 4/40  train loss 0.0616  val loss 15.7928  val AUC 0.2006
  [seed 44] epoch 5/40  train loss 0.0886  val loss 15.7835  val AUC 0.3405
  [seed 44] epoch 6/40  train loss 0.0090  val loss 17.0178  val AUC 0.3838
  [seed 44] epoch 7/40  train loss 0.0084  val loss 17.6425  val AUC 0.4825
  [seed 44] epoch 8/40  train loss 0.0344  val loss 18.4313  val AUC 0.3567
  [seed 44] epoch 9/40  train loss 0.0169  val loss 19.0968  val AUC 0.3561
  [seed 44] test loss 14.2192  test AUC 0.5159

--- Floors (test set) ---
  base-rate (majority)   AUC 0.5000   n=2471
  persistence            AUC 0.5279   Brier 0.4083   n=2471
  -> floor to clear      AUC 0.5279   (oriented: a rule below 0.5 is inverted for free)

--- multistation[features] ---
  per-seed AUC: ['0.5472', '0.5095', '0.5159']  mean 0.5242  spread 0.0377
  ENSEMBLE (mean of 3 seeds' probabilities)   AUC 0.5959   n=2471

--- multistation[features] ensemble (fold 2/5, test set) ---
  n                    2471
  accuracy             0.6742
  balanced_accuracy    0.5777
  precision            0.7574
  recall               0.1922
  f1                   0.3066
  roc_auc              0.5959
  pr_auc               0.5222
  mcc                  0.2563
  brier                0.2660
  log_loss             0.9333
  brier_skill_score_vs_persistence 0.3485
  confusion_matrix:
    [1488, 57]
    [748, 178]

================================================================
fold 3/5
================================================================
  splits (chronological): train=7771 val=2471 test=2471
    train: positive rate 0.087
    val  : positive rate 0.375
    test : positive rate 0.758

  pos rate over time (equal-width blocks):
    2024-04-23 .. 2024-07-15  pos rate 0.167  n=2013  split~train
    2024-07-15 .. 2024-10-07  pos rate 0.000  n=2014  split~train
    2024-10-07 .. 2024-12-30  pos rate 0.000  n=2013  split~train
    2024-12-30 .. 2025-03-24  pos rate 0.000  n=2014  split~train
    2025-03-24 .. 2025-06-16  pos rate 0.335  n=2014  split~val
    2025-06-16 .. 2025-09-08  pos rate 0.509  n=2013  split~val
    2025-09-08 .. 2025-12-01  pos rate 0.774  n=2014  split~test
    2025-12-01 .. 2026-02-23  pos rate 0.313  n=2013  split~test
    2026-02-23 .. 2026-05-18  pos rate 0.334  n=2014  split~-
    2026-05-18 .. 2026-08-09  pos rate 0.000  n=2014  split~-

  [!] test pos rate (0.758) is 8.73x train's (0.087) -- likely a swarm or quiet period concentrated in one split rather than the model generalizing. Compare against the floors below (same skew), not against a nominal baseline.
    test coverage MANT  :  79.6% of hours
    test coverage DEMI  :  68.2% of hours
  [seed 42] epoch 1/40  train loss 0.6272  val loss 4.1227  val AUC 0.6449
  [seed 42] epoch 2/40  train loss 0.1822  val loss 6.4259  val AUC 0.6374
  [seed 42] epoch 3/40  train loss 0.0473  val loss 8.5884  val AUC 0.6202
  [seed 42] epoch 4/40  train loss 0.0472  val loss 8.6959  val AUC 0.6253
  [seed 42] epoch 5/40  train loss 0.0235  val loss 9.4211  val AUC 0.6289
  [seed 42] epoch 6/40  train loss 0.0449  val loss 11.9516  val AUC 0.6066
  [seed 42] epoch 7/40  train loss 0.0326  val loss 9.8249  val AUC 0.6126
  [seed 42] epoch 8/40  train loss 0.0247  val loss 10.1815  val AUC 0.6522
  [seed 42] epoch 9/40  train loss 0.0178  val loss 10.9172  val AUC 0.6265
  [seed 42] epoch 10/40  train loss 0.0362  val loss 13.0949  val AUC 0.6138
  [seed 42] epoch 11/40  train loss 0.0300  val loss 13.9972  val AUC 0.6322
  [seed 42] epoch 12/40  train loss 0.0163  val loss 13.9018  val AUC 0.6224
  [seed 42] epoch 13/40  train loss 0.0112  val loss 10.8957  val AUC 0.6156
  [seed 42] epoch 14/40  train loss 0.0461  val loss 12.5680  val AUC 0.6058
  [seed 42] epoch 15/40  train loss 0.0260  val loss 12.1107  val AUC 0.6167
  [seed 42] epoch 16/40  train loss 0.0176  val loss 11.8785  val AUC 0.6341
  [seed 42] test loss 49.2183  test AUC 0.5226
  [seed 43] epoch 1/40  train loss 0.6409  val loss 3.6977  val AUC 0.6819
  [seed 43] epoch 2/40  train loss 0.1617  val loss 5.4012  val AUC 0.6841
  [seed 43] epoch 3/40  train loss 0.0937  val loss 7.5819  val AUC 0.6613
  [seed 43] epoch 4/40  train loss 0.0568  val loss 8.8340  val AUC 0.6600
  [seed 43] epoch 5/40  train loss 0.0189  val loss 8.9971  val AUC 0.6577
  [seed 43] epoch 6/40  train loss 0.0346  val loss 9.3203  val AUC 0.6376
  [seed 43] epoch 7/40  train loss 0.0330  val loss 8.3952  val AUC 0.6166
  [seed 43] epoch 8/40  train loss 0.0273  val loss 10.8771  val AUC 0.6328
  [seed 43] epoch 9/40  train loss 0.0430  val loss 11.2703  val AUC 0.6105
  [seed 43] epoch 10/40  train loss 0.0211  val loss 11.8498  val AUC 0.6089
  [seed 43] test loss 28.9581  test AUC 0.5348
  [seed 44] epoch 1/40  train loss 0.6057  val loss 4.2724  val AUC 0.6314
  [seed 44] epoch 2/40  train loss 0.1677  val loss 7.1214  val AUC 0.5939
  [seed 44] epoch 3/40  train loss 0.0695  val loss 9.2918  val AUC 0.5703
  [seed 44] epoch 4/40  train loss 0.0663  val loss 9.6558  val AUC 0.6130
  [seed 44] epoch 5/40  train loss 0.0340  val loss 9.3757  val AUC 0.6383
  [seed 44] epoch 6/40  train loss 0.0355  val loss 10.6443  val AUC 0.6217
  [seed 44] epoch 7/40  train loss 0.0436  val loss 12.0994  val AUC 0.5836
  [seed 44] epoch 8/40  train loss 0.0363  val loss 11.8611  val AUC 0.6052
  [seed 44] epoch 9/40  train loss 0.0333  val loss 12.4333  val AUC 0.6052
  [seed 44] epoch 10/40  train loss 0.0830  val loss 13.0277  val AUC 0.6000
  [seed 44] epoch 11/40  train loss 0.0118  val loss 13.4346  val AUC 0.5919
  [seed 44] epoch 12/40  train loss 0.0227  val loss 11.9623  val AUC 0.6123
  [seed 44] epoch 13/40  train loss 0.0083  val loss 13.9839  val AUC 0.5867
  [seed 44] test loss 49.5097  test AUC 0.6022

--- Floors (test set) ---
  base-rate (majority)   AUC 0.5000   n=2471
  persistence            AUC 0.3824   Brier 0.4237   n=2471
  -> floor to clear      AUC 0.6176   (oriented: a rule below 0.5 is inverted for free)

--- multistation[features] ---
  per-seed AUC: ['0.5226', '0.5348', '0.6022']  mean 0.5532  spread 0.0796
  ENSEMBLE (mean of 3 seeds' probabilities)   AUC 0.5285   n=2471

--- multistation[features] ensemble (fold 3/5, test set) ---
  n                    2471
  accuracy             0.4152
  balanced_accuracy    0.5351
  precision            0.8031
  recall               0.3027
  f1                   0.4397
  roc_auc              0.5285
  pr_auc               0.7996
  mcc                  0.0666
  brier                0.5687
  log_loss             3.5420
  brier_skill_score_vs_persistence -0.3423
  confusion_matrix:
    [459, 139]
    [1306, 567]

================================================================
fold 4/5
================================================================
  splits (chronological): train=10242 val=2471 test=2471
    train: positive rate 0.156
    val  : positive rate 0.758
    test : positive rate 0.430

  pos rate over time (equal-width blocks):
    2024-04-23 .. 2024-07-15  pos rate 0.167  n=2013  split~train
    2024-07-15 .. 2024-10-07  pos rate 0.000  n=2014  split~train
    2024-10-07 .. 2024-12-30  pos rate 0.000  n=2013  split~train
    2024-12-30 .. 2025-03-24  pos rate 0.000  n=2014  split~train
    2025-03-24 .. 2025-06-16  pos rate 0.335  n=2014  split~train
    2025-06-16 .. 2025-09-08  pos rate 0.509  n=2013  split~train
    2025-09-08 .. 2025-12-01  pos rate 0.774  n=2014  split~val
    2025-12-01 .. 2026-02-23  pos rate 0.313  n=2013  split~test
    2026-02-23 .. 2026-05-18  pos rate 0.334  n=2014  split~test
    2026-05-18 .. 2026-08-09  pos rate 0.000  n=2014  split~-

  [!] test pos rate (0.430) is 2.75x train's (0.156) -- likely a swarm or quiet period concentrated in one split rather than the model generalizing. Compare against the floors below (same skew), not against a nominal baseline.
    test coverage MANT  :  60.3% of hours
    test coverage DEMI  :  79.6% of hours
  [seed 42] epoch 1/40  train loss 0.5472  val loss 8.5915  val AUC 0.5571
  [seed 42] epoch 2/40  train loss 0.2018  val loss 14.6007  val AUC 0.5433
  [seed 42] epoch 3/40  train loss 0.1065  val loss 20.2925  val AUC 0.5719
  [seed 42] epoch 4/40  train loss 0.0686  val loss 22.7665  val AUC 0.5688
  [seed 42] epoch 5/40  train loss 0.0830  val loss 19.6726  val AUC 0.5671
  [seed 42] epoch 6/40  train loss 0.0558  val loss 20.0417  val AUC 0.5577
  [seed 42] epoch 7/40  train loss 0.0366  val loss 26.1231  val AUC 0.5473
  [seed 42] epoch 8/40  train loss 0.0349  val loss 25.8203  val AUC 0.5692
  [seed 42] epoch 9/40  train loss 0.0236  val loss 27.7302  val AUC 0.5699
  [seed 42] epoch 10/40  train loss 0.0195  val loss 25.2762  val AUC 0.5593
  [seed 42] epoch 11/40  train loss 0.0348  val loss 23.8390  val AUC 0.5499
  [seed 42] test loss 15.6935  test AUC 0.4456
  [seed 43] epoch 1/40  train loss 0.5546  val loss 10.4480  val AUC 0.4978
  [seed 43] epoch 2/40  train loss 0.1871  val loss 14.5320  val AUC 0.5503
  [seed 43] epoch 3/40  train loss 0.1126  val loss 17.7903  val AUC 0.5444
  [seed 43] epoch 4/40  train loss 0.0822  val loss 17.9884  val AUC 0.5225
  [seed 43] epoch 5/40  train loss 0.0696  val loss 18.2891  val AUC 0.5776
  [seed 43] epoch 6/40  train loss 0.0565  val loss 18.1710  val AUC 0.5607
  [seed 43] epoch 7/40  train loss 0.0278  val loss 25.4018  val AUC 0.5488
  [seed 43] epoch 8/40  train loss 0.0268  val loss 25.8782  val AUC 0.5805
  [seed 43] epoch 9/40  train loss 0.0227  val loss 27.0415  val AUC 0.5403
  [seed 43] epoch 10/40  train loss 0.0255  val loss 26.9735  val AUC 0.5643
  [seed 43] epoch 11/40  train loss 0.0302  val loss 26.1234  val AUC 0.5595
  [seed 43] epoch 12/40  train loss 0.0200  val loss 25.1674  val AUC 0.5265
  [seed 43] epoch 13/40  train loss 0.0167  val loss 27.6392  val AUC 0.5505
  [seed 43] epoch 14/40  train loss 0.0166  val loss 27.0894  val AUC 0.5474
  [seed 43] epoch 15/40  train loss 0.0215  val loss 30.2018  val AUC 0.5450
  [seed 43] epoch 16/40  train loss 0.0135  val loss 27.5920  val AUC 0.5296
  [seed 43] test loss 21.4687  test AUC 0.3992
  [seed 44] epoch 1/40  train loss 0.5666  val loss 10.4886  val AUC 0.5105
  [seed 44] epoch 2/40  train loss 0.1883  val loss 15.5747  val AUC 0.5533
  [seed 44] epoch 3/40  train loss 0.1127  val loss 21.0878  val AUC 0.5381
  [seed 44] epoch 4/40  train loss 0.0933  val loss 23.7529  val AUC 0.5615
  [seed 44] epoch 5/40  train loss 0.0618  val loss 21.3738  val AUC 0.5472
  [seed 44] epoch 6/40  train loss 0.0467  val loss 27.5432  val AUC 0.5716
  [seed 44] epoch 7/40  train loss 0.0270  val loss 27.9276  val AUC 0.5611
  [seed 44] epoch 8/40  train loss 0.0354  val loss 26.1332  val AUC 0.5438
  [seed 44] epoch 9/40  train loss 0.0470  val loss 25.5751  val AUC 0.5311
  [seed 44] epoch 10/40  train loss 0.0325  val loss 25.9289  val AUC 0.5985
  [seed 44] epoch 11/40  train loss 0.0285  val loss 26.5579  val AUC 0.5537
  [seed 44] epoch 12/40  train loss 0.0203  val loss 31.9171  val AUC 0.5565
  [seed 44] epoch 13/40  train loss 0.0264  val loss 31.2228  val AUC 0.5739
  [seed 44] epoch 14/40  train loss 0.0128  val loss 29.2399  val AUC 0.5447
  [seed 44] epoch 15/40  train loss 0.0058  val loss 32.8694  val AUC 0.5723
  [seed 44] epoch 16/40  train loss 0.0066  val loss 34.6717  val AUC 0.5711
  [seed 44] epoch 17/40  train loss 0.0190  val loss 32.5039  val AUC 0.5645
  [seed 44] epoch 18/40  train loss 0.0153  val loss 31.9937  val AUC 0.5733
  [seed 44] test loss 21.7725  test AUC 0.4514

--- Floors (test set) ---
  base-rate (majority)   AUC 0.5000   n=2471
  persistence            AUC 0.2652   Brier 0.7046   n=2471
  -> floor to clear      AUC 0.7348   (oriented: a rule below 0.5 is inverted for free)

--- multistation[features] ---
  per-seed AUC: ['0.4456', '0.3992', '0.4514']  mean 0.4321  spread 0.0522
  ENSEMBLE (mean of 3 seeds' probabilities)   AUC 0.4416   n=2471

--- multistation[features] ensemble (fold 4/5, test set) ---
  n                    2471
  accuracy             0.5556
  balanced_accuracy    0.4879
  precision            0.1250
  recall               0.0056
  f1                   0.0108
  roc_auc              0.4416
  pr_auc               0.3949
  mcc                  -0.0867
  brier                0.4292
  log_loss             3.2991
  brier_skill_score_vs_persistence 0.3908
  confusion_matrix:
    [1367, 42]
    [1056, 6]

================================================================
fold 5/5
================================================================
  splits (chronological): train=12713 val=2471 test=2471
    train: positive rate 0.273
    val  : positive rate 0.430
    test : positive rate 0.000

  pos rate over time (equal-width blocks):
    2024-04-23 .. 2024-07-15  pos rate 0.167  n=2013  split~train
    2024-07-15 .. 2024-10-07  pos rate 0.000  n=2014  split~train
    2024-10-07 .. 2024-12-30  pos rate 0.000  n=2013  split~train
    2024-12-30 .. 2025-03-24  pos rate 0.000  n=2014  split~train
    2025-03-24 .. 2025-06-16  pos rate 0.335  n=2014  split~train
    2025-06-16 .. 2025-09-08  pos rate 0.509  n=2013  split~train
    2025-09-08 .. 2025-12-01  pos rate 0.774  n=2014  split~train
    2025-12-01 .. 2026-02-23  pos rate 0.313  n=2013  split~val
    2026-02-23 .. 2026-05-18  pos rate 0.334  n=2014  split~val
    2026-05-18 .. 2026-08-09  pos rate 0.000  n=2014  split~test

  [!] test pos rate (0.000) is 0.00x train's (0.273) -- likely a swarm or quiet period concentrated in one split rather than the model generalizing. Compare against the floors below (same skew), not against a nominal baseline.
    test coverage MANT  : 100.0% of hours
    test coverage DEMI  :  99.6% of hours
  [seed 42] epoch 1/40  train loss 0.5207  val loss 3.2576  val AUC 0.4592
  [seed 42] epoch 2/40  train loss 0.2160  val loss 4.8946  val AUC 0.4444
  [seed 42] epoch 3/40  train loss 0.1231  val loss 5.3207  val AUC 0.4476
  [seed 42] epoch 4/40  train loss 0.0903  val loss 5.0170  val AUC 0.4467
  [seed 42] epoch 5/40  train loss 0.0776  val loss 5.5411  val AUC 0.4263
  [seed 42] epoch 6/40  train loss 0.0420  val loss 7.2196  val AUC 0.4196
  [seed 42] epoch 7/40  train loss 0.0398  val loss 9.0244  val AUC 0.4128
  [seed 42] epoch 8/40  train loss 0.0419  val loss 8.6286  val AUC 0.4304
  [seed 42] epoch 9/40  train loss 0.0266  val loss 8.5264  val AUC 0.4120
  [seed 42] test loss 0.6003  test AUC nan
  [seed 43] epoch 1/40  train loss 0.5067  val loss 2.8750  val AUC 0.4719
  [seed 43] epoch 2/40  train loss 0.2109  val loss 3.9872  val AUC 0.4538
  [seed 43] epoch 3/40  train loss 0.1219  val loss 6.6563  val AUC 0.4099
  [seed 43] epoch 4/40  train loss 0.0781  val loss 6.1852  val AUC 0.4437
  [seed 43] epoch 5/40  train loss 0.0548  val loss 7.8115  val AUC 0.4113
  [seed 43] epoch 6/40  train loss 0.0532  val loss 7.5147  val AUC 0.4414
  [seed 43] epoch 7/40  train loss 0.0429  val loss 7.3810  val AUC 0.4397
  [seed 43] epoch 8/40  train loss 0.0270  val loss 9.2297  val AUC 0.4056
  [seed 43] epoch 9/40  train loss 0.0295  val loss 9.2500  val AUC 0.3940
  [seed 43] test loss 0.3572  test AUC nan
  [seed 44] epoch 1/40  train loss 0.5403  val loss 3.0094  val AUC 0.4547
  [seed 44] epoch 2/40  train loss 0.2309  val loss 4.8004  val AUC 0.4623
  [seed 44] epoch 3/40  train loss 0.1524  val loss 6.1872  val AUC 0.4368
  [seed 44] epoch 4/40  train loss 0.1046  val loss 5.3377  val AUC 0.4532
  [seed 44] epoch 5/40  train loss 0.0781  val loss 6.5055  val AUC 0.4302
  [seed 44] epoch 6/40  train loss 0.0466  val loss 7.9137  val AUC 0.4101
  [seed 44] epoch 7/40  train loss 0.0313  val loss 8.8074  val AUC 0.3985
  [seed 44] epoch 8/40  train loss 0.0319  val loss 7.6644  val AUC 0.4392
  [seed 44] epoch 9/40  train loss 0.0283  val loss 8.2524  val AUC 0.4252
  [seed 44] epoch 10/40  train loss 0.0244  val loss 9.7414  val AUC 0.3857
/home/oguzb/Projects/sismokaos/waveform_forecast/.venv/lib/python3.12/site-packages/sklearn/metrics/_classification.py:2939: UserWarning: y_pred contains classes not in y_true
  warnings.warn("y_pred contains classes not in y_true")
  [seed 44] test loss 0.4278  test AUC nan

--- Floors (test set) ---
  base-rate (majority)   AUC nan   n=2471
  persistence            AUC nan   Brier nan   n=2471
  -> floor to clear      AUC 0.5000   (oriented: a rule below 0.5 is inverted for free)

--- multistation[features] ---
  per-seed AUC: ['nan', 'nan', 'nan']  mean nan  spread nan
  ENSEMBLE (mean of 3 seeds' probabilities)   AUC nan   n=2471

--- multistation[features] ensemble (fold 5/5, test set) ---
  n                    2471
  accuracy             0.8685
  balanced_accuracy    0.8685
  precision            0.0000
  recall               0.0000
  f1                   0.0000
  roc_auc              nan
  pr_auc               nan
  mcc                  nan
  brier                nan
  log_loss             nan
  brier_skill_score_vs_persistence nan
  confusion_matrix:
    [2146, 325]
    [0, 0]

================================================================
Walk-forward CV summary (5/5 folds)
================================================================
  ensemble AUC per fold: ['0.5396', '0.5959', '0.5285', '0.4416', 'nan']
  ensemble AUC:  mean 0.5264  std 0.0552
  floor AUC:     mean 0.5766  std 0.0899
  beats its own fold's floor in 2/5 folds
  [!] fold spread exceeds the margin over the floor -- read the per-fold column,
      not the mean. This is the condition under which a pooled number misleads.
