  20,136 hourly rows, 4 station(s), 2 feature(s) each
  hourly positive rate: 0.403
    MANT   present  88.0% of hours
    DEMI   present  64.0% of hours
    ELBA   present  47.7% of hours
    SEMS   present  59.5% of hours
    any    present 100.0%   <- what the masked model trains on
    all    present  18.1%   <- what an intersection-only model would get
  20,113 usable window(s) of 20,113
  device cuda, seeds [42, 43, 44], arm=features, mode=classify, embargo 359h

================================================================
fold 1/5
================================================================
  splits (chronological): train=2873 val=2514 test=2514
    train: positive rate 0.351
    val  : positive rate 0.000
    test : positive rate 0.595

  pos rate over time (equal-width blocks):
    2024-04-23 .. 2024-07-15  pos rate 0.421  n=2013  split~train
    2024-07-15 .. 2024-10-07  pos rate 0.080  n=2014  split~train
    2024-10-07 .. 2024-12-30  pos rate 0.000  n=2013  split~val
    2024-12-30 .. 2025-03-24  pos rate 0.623  n=2014  split~test
    2025-03-24 .. 2025-06-16  pos rate 0.701  n=2014  split~test
    2025-06-16 .. 2025-09-08  pos rate 0.725  n=2013  split~-
    2025-09-08 .. 2025-12-01  pos rate 0.831  n=2014  split~-
    2025-12-01 .. 2026-02-23  pos rate 0.313  n=2013  split~-
    2026-02-23 .. 2026-05-18  pos rate 0.334  n=2014  split~-
    2026-05-18 .. 2026-08-09  pos rate 0.000  n=2014  split~-

  [!] test pos rate (0.595) is 1.70x train's (0.351) -- likely a swarm or quiet period concentrated in one split rather than the model generalizing. Compare against the floors below (same skew), not against a nominal baseline.
    test coverage MANT  : 100.0% of hours
    test coverage DEMI  :  39.5% of hours
    test coverage ELBA  :  79.8% of hours
    test coverage SEMS  :  95.1% of hours
    [stats] 1 station(s) absent for the whole training split; standardized with the identity, and masked out at every hour anyway
  [seed 42] epoch 1/40  train loss 0.9015  val loss 0.4796  val AUC nan
  [seed 42] epoch 2/40  train loss 0.8911  val loss 0.4235  val AUC nan
  [seed 42] epoch 3/40  train loss 0.8931  val loss 0.3751  val AUC nan
  [seed 42] epoch 4/40  train loss 0.8844  val loss 0.3306  val AUC nan
  [seed 42] epoch 5/40  train loss 0.8753  val loss 0.3213  val AUC nan
  [seed 42] epoch 6/40  train loss 0.8807  val loss 0.2982  val AUC nan
  [seed 42] epoch 7/40  train loss 0.8746  val loss 0.3260  val AUC nan
  [seed 42] epoch 8/40  train loss 0.8709  val loss 0.3075  val AUC nan
  [seed 42] test loss 1.0977  test AUC 0.8406
  [seed 43] epoch 1/40  train loss 0.9001  val loss 0.6321  val AUC nan
  [seed 43] epoch 2/40  train loss 0.8962  val loss 0.7870  val AUC nan
  [seed 43] epoch 3/40  train loss 0.8906  val loss 0.6856  val AUC nan
  [seed 43] epoch 4/40  train loss 0.8814  val loss 0.6331  val AUC nan
  [seed 43] epoch 5/40  train loss 0.8790  val loss 0.7703  val AUC nan
  [seed 43] epoch 6/40  train loss 0.8729  val loss 0.6552  val AUC nan
  [seed 43] epoch 7/40  train loss 0.8725  val loss 0.7036  val AUC nan
  [seed 43] epoch 8/40  train loss 0.8696  val loss 0.7037  val AUC nan
  [seed 43] test loss 1.0753  test AUC 0.4715
  [seed 44] epoch 1/40  train loss 0.9011  val loss 0.8354  val AUC nan
  [seed 44] epoch 2/40  train loss 0.8863  val loss 0.8167  val AUC nan
  [seed 44] epoch 3/40  train loss 0.8839  val loss 0.8542  val AUC nan
  [seed 44] epoch 4/40  train loss 0.8830  val loss 0.7299  val AUC nan
  [seed 44] epoch 5/40  train loss 0.8781  val loss 0.5921  val AUC nan
  [seed 44] epoch 6/40  train loss 0.8755  val loss 0.5969  val AUC nan
  [seed 44] epoch 7/40  train loss 0.8747  val loss 0.5098  val AUC nan
  [seed 44] epoch 8/40  train loss 0.8767  val loss 0.4429  val AUC nan
  [seed 44] test loss 1.1655  test AUC 0.7256

--- Floors (test set) ---
  base-rate (majority)   AUC 0.5000   n=2514
  persistence            AUC 0.3890   Brier 0.6014   n=2514
  -> floor to clear      AUC 0.6110   (oriented: a rule below 0.5 is inverted for free)

--- multistation[features] ---
  per-seed AUC: ['0.8406', '0.4715', '0.7256']  mean 0.6792  spread 0.3691
  ENSEMBLE (mean of 3 seeds' probabilities)   AUC 0.8271   n=2514

--- multistation[features] ensemble (fold 1/5, test set) ---
  n                    2514
  accuracy             0.5541
  balanced_accuracy    0.6165
  precision            0.8850
  recall               0.2881
  f1                   0.4347
  roc_auc              0.8271
  pr_auc               0.8254
  mcc                  0.2895
  brier                0.2338
  log_loss             0.6593
  brier_skill_score_vs_persistence 0.6113
  confusion_matrix:
    [962, 56]
    [1065, 431]

================================================================
fold 2/5
================================================================
  splits (chronological): train=5387 val=2514 test=2515
    train: positive rate 0.187
    val  : positive rate 0.595
    test : positive rate 0.714

  pos rate over time (equal-width blocks):
    2024-04-23 .. 2024-07-15  pos rate 0.421  n=2013  split~train
    2024-07-15 .. 2024-10-07  pos rate 0.080  n=2014  split~train
    2024-10-07 .. 2024-12-30  pos rate 0.000  n=2013  split~train
    2024-12-30 .. 2025-03-24  pos rate 0.623  n=2014  split~val
    2025-03-24 .. 2025-06-16  pos rate 0.701  n=2014  split~test
    2025-06-16 .. 2025-09-08  pos rate 0.725  n=2013  split~test
    2025-09-08 .. 2025-12-01  pos rate 0.831  n=2014  split~-
    2025-12-01 .. 2026-02-23  pos rate 0.313  n=2013  split~-
    2026-02-23 .. 2026-05-18  pos rate 0.334  n=2014  split~-
    2026-05-18 .. 2026-08-09  pos rate 0.000  n=2014  split~-

  [!] test pos rate (0.714) is 3.81x train's (0.187) -- likely a swarm or quiet period concentrated in one split rather than the model generalizing. Compare against the floors below (same skew), not against a nominal baseline.
    test coverage MANT  :  90.6% of hours
    test coverage DEMI  : 100.0% of hours
    test coverage ELBA  :  22.9% of hours
    test coverage SEMS  :  80.0% of hours
  [seed 42] epoch 1/40  train loss 1.0875  val loss 1.8551  val AUC 0.5046
  [seed 42] epoch 2/40  train loss 1.0520  val loss 2.2610  val AUC 0.5190
  [seed 42] epoch 3/40  train loss 1.0439  val loss 2.5273  val AUC 0.5192
  [seed 42] epoch 4/40  train loss 1.0322  val loss 2.2673  val AUC 0.5299
  [seed 42] epoch 5/40  train loss 1.0374  val loss 2.1988  val AUC 0.5294
  [seed 42] epoch 6/40  train loss 1.0351  val loss 2.3697  val AUC 0.5342
  [seed 42] epoch 7/40  train loss 1.0333  val loss 2.6783  val AUC 0.5335
  [seed 42] epoch 8/40  train loss 1.0313  val loss 2.4897  val AUC 0.5333
  [seed 42] epoch 9/40  train loss 1.0237  val loss 2.8946  val AUC 0.5290
  [seed 42] epoch 10/40  train loss 1.0286  val loss 2.2071  val AUC 0.5257
  [seed 42] epoch 11/40  train loss 1.0310  val loss 2.1849  val AUC 0.5377
  [seed 42] epoch 12/40  train loss 1.0191  val loss 2.4227  val AUC 0.5410
  [seed 42] epoch 13/40  train loss 1.0229  val loss 2.8050  val AUC 0.5403
  [seed 42] epoch 14/40  train loss 1.0194  val loss 2.5694  val AUC 0.5533
  [seed 42] epoch 15/40  train loss 1.0148  val loss 2.6178  val AUC 0.5513
  [seed 42] epoch 16/40  train loss 1.0183  val loss 2.7946  val AUC 0.5571
  [seed 42] epoch 17/40  train loss 1.0134  val loss 2.6724  val AUC 0.5583
  [seed 42] epoch 18/40  train loss 1.0162  val loss 2.2928  val AUC 0.5592
  [seed 42] epoch 19/40  train loss 1.0166  val loss 2.5143  val AUC 0.5647
  [seed 42] epoch 20/40  train loss 1.0124  val loss 2.5755  val AUC 0.5623
  [seed 42] epoch 21/40  train loss 1.0113  val loss 2.4984  val AUC 0.5689
  [seed 42] epoch 22/40  train loss 1.0000  val loss 2.6302  val AUC 0.5671
  [seed 42] epoch 23/40  train loss 0.9988  val loss 2.3939  val AUC 0.5599
  [seed 42] epoch 24/40  train loss 1.0026  val loss 2.6148  val AUC 0.5673
  [seed 42] epoch 25/40  train loss 0.9965  val loss 2.6491  val AUC 0.5622
  [seed 42] epoch 26/40  train loss 1.0039  val loss 2.6216  val AUC 0.5625
  [seed 42] epoch 27/40  train loss 1.0026  val loss 2.8131  val AUC 0.5652
  [seed 42] epoch 28/40  train loss 1.0016  val loss 2.7912  val AUC 0.5633
  [seed 42] epoch 29/40  train loss 1.0073  val loss 2.7837  val AUC 0.5650
  [seed 42] test loss 5.1808  test AUC 0.4474
  [seed 43] epoch 1/40  train loss 1.1297  val loss 2.0592  val AUC 0.5775
  [seed 43] epoch 2/40  train loss 1.1186  val loss 2.0588  val AUC 0.5758
  [seed 43] epoch 3/40  train loss 1.1019  val loss 2.0540  val AUC 0.5710
  [seed 43] epoch 4/40  train loss 1.1003  val loss 1.9677  val AUC 0.5599
  [seed 43] epoch 5/40  train loss 1.0997  val loss 2.2915  val AUC 0.5290
  [seed 43] epoch 6/40  train loss 1.0877  val loss 2.6104  val AUC 0.5137
  [seed 43] epoch 7/40  train loss 1.0817  val loss 2.7935  val AUC 0.5118
  [seed 43] epoch 8/40  train loss 1.0716  val loss 2.6274  val AUC 0.5118
  [seed 43] epoch 9/40  train loss 1.0664  val loss 3.3572  val AUC 0.5108
  [seed 43] test loss 2.3155  test AUC 0.4349
  [seed 44] epoch 1/40  train loss 1.0884  val loss 3.3563  val AUC 0.5155
  [seed 44] epoch 2/40  train loss 1.0543  val loss 2.7296  val AUC 0.5144
  [seed 44] epoch 3/40  train loss 1.0320  val loss 2.8832  val AUC 0.5121
  [seed 44] epoch 4/40  train loss 1.0349  val loss 3.4591  val AUC 0.5140
  [seed 44] epoch 5/40  train loss 1.0221  val loss 2.9847  val AUC 0.5124
  [seed 44] epoch 6/40  train loss 1.0197  val loss 2.8070  val AUC 0.5111
  [seed 44] epoch 7/40  train loss 1.0295  val loss 3.0280  val AUC 0.5136
  [seed 44] epoch 8/40  train loss 1.0223  val loss 3.1453  val AUC 0.5137
  [seed 44] epoch 9/40  train loss 1.0251  val loss 2.6579  val AUC 0.5112
  [seed 44] test loss 3.6961  test AUC 0.4544

--- Floors (test set) ---
  base-rate (majority)   AUC 0.5000   n=2515
  persistence            AUC 0.3635   Brier 0.5352   n=2515
  -> floor to clear      AUC 0.6365   (oriented: a rule below 0.5 is inverted for free)

--- multistation[features] ---
  per-seed AUC: ['0.4474', '0.4349', '0.4544']  mean 0.4456  spread 0.0195
  ENSEMBLE (mean of 3 seeds' probabilities)   AUC 0.4479   n=2515

--- multistation[features] ensemble (fold 2/5, test set) ---
  n                    2515
  accuracy             0.3865
  balanced_accuracy    0.4824
  precision            0.6869
  recall               0.2579
  f1                   0.3751
  roc_auc              0.4479
  pr_auc               0.7050
  mcc                  -0.0358
  brier                0.3109
  log_loss             0.8265
  brier_skill_score_vs_persistence 0.4191
  confusion_matrix:
    [509, 211]
    [1332, 463]

================================================================
fold 3/5
================================================================
  splits (chronological): train=7901 val=2515 test=2514
    train: positive rate 0.317
    val  : positive rate 0.714
    test : positive rate 0.843

  pos rate over time (equal-width blocks):
    2024-04-23 .. 2024-07-15  pos rate 0.421  n=2013  split~train
    2024-07-15 .. 2024-10-07  pos rate 0.080  n=2014  split~train
    2024-10-07 .. 2024-12-30  pos rate 0.000  n=2013  split~train
    2024-12-30 .. 2025-03-24  pos rate 0.623  n=2014  split~train
    2025-03-24 .. 2025-06-16  pos rate 0.701  n=2014  split~val
    2025-06-16 .. 2025-09-08  pos rate 0.725  n=2013  split~val
    2025-09-08 .. 2025-12-01  pos rate 0.831  n=2014  split~test
    2025-12-01 .. 2026-02-23  pos rate 0.313  n=2013  split~test
    2026-02-23 .. 2026-05-18  pos rate 0.334  n=2014  split~-
    2026-05-18 .. 2026-08-09  pos rate 0.000  n=2014  split~-

  [!] test pos rate (0.843) is 2.66x train's (0.317) -- likely a swarm or quiet period concentrated in one split rather than the model generalizing. Compare against the floors below (same skew), not against a nominal baseline.
    test coverage MANT  :  80.0% of hours
    test coverage DEMI  :  63.5% of hours
    test coverage ELBA  :  80.0% of hours
    test coverage SEMS  :  80.4% of hours
  [seed 42] epoch 1/40  train loss 0.9202  val loss 1.9862  val AUC 0.4754
  [seed 42] epoch 2/40  train loss 0.8954  val loss 1.9145  val AUC 0.4765
  [seed 42] epoch 3/40  train loss 0.8950  val loss 1.9802  val AUC 0.4800
  [seed 42] epoch 4/40  train loss 0.8876  val loss 2.0587  val AUC 0.4775
  [seed 42] epoch 5/40  train loss 0.8839  val loss 2.0045  val AUC 0.4625
  [seed 42] epoch 6/40  train loss 0.8836  val loss 2.3358  val AUC 0.4883
  [seed 42] epoch 7/40  train loss 0.8769  val loss 2.4767  val AUC 0.4831
  [seed 42] epoch 8/40  train loss 0.8767  val loss 2.1772  val AUC 0.4887
  [seed 42] epoch 9/40  train loss 0.8757  val loss 2.1758  val AUC 0.4908
  [seed 42] epoch 10/40  train loss 0.8760  val loss 2.4455  val AUC 0.4939
  [seed 42] epoch 11/40  train loss 0.8745  val loss 2.1875  val AUC 0.4943
  [seed 42] epoch 12/40  train loss 0.8734  val loss 2.2901  val AUC 0.4937
  [seed 42] epoch 13/40  train loss 0.8708  val loss 2.1500  val AUC 0.4875
  [seed 42] epoch 14/40  train loss 0.8690  val loss 2.4540  val AUC 0.4910
  [seed 42] epoch 15/40  train loss 0.8696  val loss 2.2419  val AUC 0.4927
  [seed 42] epoch 16/40  train loss 0.8699  val loss 2.1813  val AUC 0.4874
  [seed 42] epoch 17/40  train loss 0.8694  val loss 2.3082  val AUC 0.4931
  [seed 42] epoch 18/40  train loss 0.8637  val loss 2.1480  val AUC 0.4761
  [seed 42] epoch 19/40  train loss 0.8655  val loss 2.1683  val AUC 0.4921
  [seed 42] test loss 4.6490  test AUC 0.3604
  [seed 43] epoch 1/40  train loss 0.9514  val loss 1.2211  val AUC 0.4314
  [seed 43] epoch 2/40  train loss 0.9466  val loss 1.2152  val AUC 0.4310
  [seed 43] epoch 3/40  train loss 0.9462  val loss 1.1579  val AUC 0.4299
  [seed 43] epoch 4/40  train loss 0.9442  val loss 1.3487  val AUC 0.4293
  [seed 43] epoch 5/40  train loss 0.9421  val loss 1.3598  val AUC 0.4291
  [seed 43] epoch 6/40  train loss 0.9416  val loss 1.1700  val AUC 0.4295
  [seed 43] epoch 7/40  train loss 0.9408  val loss 1.2531  val AUC 0.4286
  [seed 43] epoch 8/40  train loss 0.9392  val loss 1.3660  val AUC 0.4276
  [seed 43] epoch 9/40  train loss 0.9391  val loss 1.2327  val AUC 0.4257
  [seed 43] test loss 1.3175  test AUC 0.5638
  [seed 44] epoch 1/40  train loss 0.9406  val loss 1.6915  val AUC 0.4671
  [seed 44] epoch 2/40  train loss 0.9155  val loss 1.9264  val AUC 0.4678
  [seed 44] epoch 3/40  train loss 0.9090  val loss 1.8756  val AUC 0.4672
  [seed 44] epoch 4/40  train loss 0.9072  val loss 1.8274  val AUC 0.4688
  [seed 44] epoch 5/40  train loss 0.8992  val loss 1.9127  val AUC 0.4653
  [seed 44] epoch 6/40  train loss 0.8998  val loss 1.8417  val AUC 0.4654
  [seed 44] epoch 7/40  train loss 0.8955  val loss 2.3165  val AUC 0.4741
  [seed 44] epoch 8/40  train loss 0.8975  val loss 2.0482  val AUC 0.4747
  [seed 44] epoch 9/40  train loss 0.8926  val loss 1.9632  val AUC 0.4744
  [seed 44] epoch 10/40  train loss 0.8852  val loss 2.1194  val AUC 0.4814
  [seed 44] epoch 11/40  train loss 0.8863  val loss 2.0961  val AUC 0.4850
  [seed 44] epoch 12/40  train loss 0.8788  val loss 2.1148  val AUC 0.4916
  [seed 44] epoch 13/40  train loss 0.8753  val loss 2.0327  val AUC 0.4970
  [seed 44] epoch 14/40  train loss 0.8711  val loss 2.2360  val AUC 0.4978
  [seed 44] epoch 15/40  train loss 0.8739  val loss 2.0155  val AUC 0.4921
  [seed 44] epoch 16/40  train loss 0.8735  val loss 2.1803  val AUC 0.4992
  [seed 44] epoch 17/40  train loss 0.8699  val loss 2.1071  val AUC 0.4986
  [seed 44] epoch 18/40  train loss 0.8681  val loss 2.0904  val AUC 0.5018
  [seed 44] epoch 19/40  train loss 0.8673  val loss 2.1132  val AUC 0.4959
  [seed 44] epoch 20/40  train loss 0.8637  val loss 2.1159  val AUC 0.4959
  [seed 44] epoch 21/40  train loss 0.8675  val loss 2.3020  val AUC 0.4966
  [seed 44] epoch 22/40  train loss 0.8599  val loss 2.1029  val AUC 0.4971
  [seed 44] epoch 23/40  train loss 0.8632  val loss 2.2952  val AUC 0.4980
  [seed 44] epoch 24/40  train loss 0.8561  val loss 2.2862  val AUC 0.4941
  [seed 44] epoch 25/40  train loss 0.8566  val loss 2.2162  val AUC 0.4986
  [seed 44] epoch 26/40  train loss 0.8588  val loss 2.4129  val AUC 0.4994
  [seed 44] test loss 4.4527  test AUC 0.3719

--- Floors (test set) ---
  base-rate (majority)   AUC 0.5000   n=2514
  persistence            AUC 0.4255   Brier 0.2896   n=2514
  -> floor to clear      AUC 0.5745   (oriented: a rule below 0.5 is inverted for free)

--- multistation[features] ---
  per-seed AUC: ['0.3604', '0.5638', '0.3719']  mean 0.4320  spread 0.2035
  ENSEMBLE (mean of 3 seeds' probabilities)   AUC 0.3702   n=2514

--- multistation[features] ensemble (fold 3/5, test set) ---
  n                    2514
  accuracy             0.3341
  balanced_accuracy    0.4588
  precision            0.8052
  recall               0.2770
  f1                   0.4122
  roc_auc              0.3702
  pr_auc               0.8268
  mcc                  -0.0661
  brier                0.4105
  log_loss             1.0774
  brier_skill_score_vs_persistence -0.4175
  confusion_matrix:
    [253, 142]
    [1532, 587]

================================================================
fold 4/5
================================================================
  splits (chronological): train=10416 val=2514 test=2514
    train: positive rate 0.413
    val  : positive rate 0.843
    test : positive rate 0.422

  pos rate over time (equal-width blocks):
    2024-04-23 .. 2024-07-15  pos rate 0.421  n=2013  split~train
    2024-07-15 .. 2024-10-07  pos rate 0.080  n=2014  split~train
    2024-10-07 .. 2024-12-30  pos rate 0.000  n=2013  split~train
    2024-12-30 .. 2025-03-24  pos rate 0.623  n=2014  split~train
    2025-03-24 .. 2025-06-16  pos rate 0.701  n=2014  split~train
    2025-06-16 .. 2025-09-08  pos rate 0.725  n=2013  split~train
    2025-09-08 .. 2025-12-01  pos rate 0.831  n=2014  split~val
    2025-12-01 .. 2026-02-23  pos rate 0.313  n=2013  split~test
    2026-02-23 .. 2026-05-18  pos rate 0.334  n=2014  split~test
    2026-05-18 .. 2026-08-09  pos rate 0.000  n=2014  split~-
    test coverage MANT  :  59.9% of hours
    test coverage DEMI  :  80.0% of hours
    test coverage ELBA  :   3.3% of hours
    test coverage SEMS  :   0.0% of hours
  [seed 42] epoch 1/40  train loss 0.8103  val loss 1.0224  val AUC 0.6089
  [seed 42] epoch 2/40  train loss 0.7992  val loss 0.8169  val AUC 0.6069
  [seed 42] epoch 3/40  train loss 0.7964  val loss 0.8517  val AUC 0.6115
  [seed 42] epoch 4/40  train loss 0.7926  val loss 0.9368  val AUC 0.6288
  [seed 42] epoch 5/40  train loss 0.7883  val loss 1.0416  val AUC 0.6162
  [seed 42] epoch 6/40  train loss 0.7880  val loss 1.0459  val AUC 0.6141
  [seed 42] epoch 7/40  train loss 0.7842  val loss 0.8561  val AUC 0.6064
  [seed 42] epoch 8/40  train loss 0.7847  val loss 0.9042  val AUC 0.5923
  [seed 42] epoch 9/40  train loss 0.7794  val loss 1.1353  val AUC 0.5820
  [seed 42] epoch 10/40  train loss 0.7782  val loss 1.0915  val AUC 0.6058
  [seed 42] epoch 11/40  train loss 0.7731  val loss 1.1731  val AUC 0.5054
  [seed 42] epoch 12/40  train loss 0.7753  val loss 1.0221  val AUC 0.5649
  [seed 42] test loss 0.8334  test AUC 0.5011
  [seed 43] epoch 1/40  train loss 0.8155  val loss 0.9705  val AUC 0.5879
  [seed 43] epoch 2/40  train loss 0.8137  val loss 0.9161  val AUC 0.6030
  [seed 43] epoch 3/40  train loss 0.8112  val loss 0.9178  val AUC 0.6441
  [seed 43] epoch 4/40  train loss 0.8089  val loss 0.9091  val AUC 0.6627
  [seed 43] epoch 5/40  train loss 0.8064  val loss 0.9025  val AUC 0.6664
  [seed 43] epoch 6/40  train loss 0.8052  val loss 0.8749  val AUC 0.6700
  [seed 43] epoch 7/40  train loss 0.8053  val loss 0.9122  val AUC 0.6713
  [seed 43] epoch 8/40  train loss 0.8016  val loss 0.9227  val AUC 0.6730
  [seed 43] epoch 9/40  train loss 0.8022  val loss 0.9028  val AUC 0.6746
  [seed 43] epoch 10/40  train loss 0.8022  val loss 0.9162  val AUC 0.6758
  [seed 43] epoch 11/40  train loss 0.8016  val loss 0.9412  val AUC 0.6755
  [seed 43] epoch 12/40  train loss 0.8010  val loss 0.9170  val AUC 0.6776
  [seed 43] epoch 13/40  train loss 0.8020  val loss 0.8935  val AUC 0.6783
  [seed 43] epoch 14/40  train loss 0.7990  val loss 0.8804  val AUC 0.6802
  [seed 43] epoch 15/40  train loss 0.8002  val loss 0.8400  val AUC 0.6827
  [seed 43] epoch 16/40  train loss 0.7989  val loss 0.8354  val AUC 0.6836
  [seed 43] epoch 17/40  train loss 0.7982  val loss 0.8548  val AUC 0.6817
  [seed 43] epoch 18/40  train loss 0.8001  val loss 0.8074  val AUC 0.6831
  [seed 43] epoch 19/40  train loss 0.7989  val loss 0.7899  val AUC 0.6845
  [seed 43] epoch 20/40  train loss 0.7968  val loss 0.8053  val AUC 0.6843
  [seed 43] epoch 21/40  train loss 0.7983  val loss 0.8012  val AUC 0.6841
  [seed 43] epoch 22/40  train loss 0.7979  val loss 0.7809  val AUC 0.6839
  [seed 43] epoch 23/40  train loss 0.7969  val loss 0.7983  val AUC 0.6834
  [seed 43] epoch 24/40  train loss 0.7956  val loss 0.7816  val AUC 0.6838
  [seed 43] epoch 25/40  train loss 0.7982  val loss 0.8099  val AUC 0.6838
  [seed 43] epoch 26/40  train loss 0.7967  val loss 0.8027  val AUC 0.6837
  [seed 43] epoch 27/40  train loss 0.7968  val loss 0.8060  val AUC 0.6774
  [seed 43] test loss 0.8549  test AUC 0.5579
  [seed 44] epoch 1/40  train loss 0.8165  val loss 0.9520  val AUC 0.6545
  [seed 44] epoch 2/40  train loss 0.8129  val loss 0.9448  val AUC 0.6363
  [seed 44] epoch 3/40  train loss 0.8094  val loss 0.8545  val AUC 0.6362
  [seed 44] epoch 4/40  train loss 0.8058  val loss 0.8698  val AUC 0.6284
  [seed 44] epoch 5/40  train loss 0.8041  val loss 0.9129  val AUC 0.6258
  [seed 44] epoch 6/40  train loss 0.8007  val loss 0.9169  val AUC 0.6360
  [seed 44] epoch 7/40  train loss 0.7967  val loss 0.9225  val AUC 0.6346
  [seed 44] epoch 8/40  train loss 0.7955  val loss 0.8950  val AUC 0.6429
  [seed 44] epoch 9/40  train loss 0.7959  val loss 1.0016  val AUC 0.6250
  [seed 44] test loss 0.8224  test AUC 0.4990

--- Floors (test set) ---
  base-rate (majority)   AUC 0.5000   n=2514
  persistence            AUC 0.2880   Brier 0.6750   n=2514
  -> floor to clear      AUC 0.7120   (oriented: a rule below 0.5 is inverted for free)

--- multistation[features] ---
  per-seed AUC: ['0.5011', '0.5579', '0.4990']  mean 0.5193  spread 0.0589
  ENSEMBLE (mean of 3 seeds' probabilities)   AUC 0.5369   n=2514

--- multistation[features] ensemble (fold 4/5, test set) ---
  n                    2514
  accuracy             0.5386
  balanced_accuracy    0.5264
  precision            0.4533
  recall               0.4482
  f1                   0.4508
  roc_auc              0.5369
  pr_auc               0.4519
  mcc                  0.0530
  brier                0.2533
  log_loss             0.7002
  brier_skill_score_vs_persistence 0.6248
  confusion_matrix:
    [878, 574]
    [586, 476]

================================================================
fold 5/5
================================================================
  splits (chronological): train=12930 val=2514 test=2515
    train: positive rate 0.496
    val  : positive rate 0.422
    test : positive rate 0.000

  pos rate over time (equal-width blocks):
    2024-04-23 .. 2024-07-15  pos rate 0.421  n=2013  split~train
    2024-07-15 .. 2024-10-07  pos rate 0.080  n=2014  split~train
    2024-10-07 .. 2024-12-30  pos rate 0.000  n=2013  split~train
    2024-12-30 .. 2025-03-24  pos rate 0.623  n=2014  split~train
    2025-03-24 .. 2025-06-16  pos rate 0.701  n=2014  split~train
    2025-06-16 .. 2025-09-08  pos rate 0.725  n=2013  split~train
    2025-09-08 .. 2025-12-01  pos rate 0.831  n=2014  split~train
    2025-12-01 .. 2026-02-23  pos rate 0.313  n=2013  split~val
    2026-02-23 .. 2026-05-18  pos rate 0.334  n=2014  split~val
    2026-05-18 .. 2026-08-09  pos rate 0.000  n=2014  split~test

  [!] test pos rate (0.000) is 0.00x train's (0.496) -- likely a swarm or quiet period concentrated in one split rather than the model generalizing. Compare against the floors below (same skew), not against a nominal baseline.
    test coverage MANT  : 100.0% of hours
    test coverage DEMI  :  99.6% of hours
    test coverage ELBA  :   0.0% of hours
    test coverage SEMS  :   0.0% of hours
  [seed 42] epoch 1/40  train loss 0.6852  val loss 0.7200  val AUC 0.5012
  [seed 42] epoch 2/40  train loss 0.6733  val loss 0.7147  val AUC 0.5118
  [seed 42] epoch 3/40  train loss 0.6682  val loss 0.7149  val AUC 0.5107
  [seed 42] epoch 4/40  train loss 0.6670  val loss 0.7187  val AUC 0.5060
  [seed 42] epoch 5/40  train loss 0.6656  val loss 0.7149  val AUC 0.5093
  [seed 42] epoch 6/40  train loss 0.6638  val loss 0.7165  val AUC 0.5293
  [seed 42] epoch 7/40  train loss 0.6605  val loss 0.7117  val AUC 0.5295
  [seed 42] epoch 8/40  train loss 0.6520  val loss 0.7191  val AUC 0.4952
  [seed 42] epoch 9/40  train loss 0.6459  val loss 0.7114  val AUC 0.4734
  [seed 42] epoch 10/40  train loss 0.6349  val loss 0.7268  val AUC 0.4605
  [seed 42] epoch 11/40  train loss 0.6290  val loss 0.7330  val AUC 0.4391
  [seed 42] epoch 12/40  train loss 0.6236  val loss 0.7390  val AUC 0.4510
  [seed 42] epoch 13/40  train loss 0.6212  val loss 0.7369  val AUC 0.4568
  [seed 42] epoch 14/40  train loss 0.6211  val loss 0.7474  val AUC 0.4614
  [seed 42] epoch 15/40  train loss 0.6201  val loss 0.7378  val AUC 0.4446
  [seed 42] test loss 0.6577  test AUC nan
  [seed 43] epoch 1/40  train loss 0.7001  val loss 0.6987  val AUC 0.5371
  [seed 43] epoch 2/40  train loss 0.6979  val loss 0.7014  val AUC 0.5351
  [seed 43] epoch 3/40  train loss 0.6935  val loss 0.7126  val AUC 0.5327
  [seed 43] epoch 4/40  train loss 0.6845  val loss 0.7364  val AUC 0.5153
  [seed 43] epoch 5/40  train loss 0.6770  val loss 0.7323  val AUC 0.5011
  [seed 43] epoch 6/40  train loss 0.6715  val loss 0.7562  val AUC 0.4970
  [seed 43] epoch 7/40  train loss 0.6655  val loss 0.7214  val AUC 0.5093
  [seed 43] epoch 8/40  train loss 0.6576  val loss 0.6892  val AUC 0.5602
  [seed 43] epoch 9/40  train loss 0.6544  val loss 0.7119  val AUC 0.5364
  [seed 43] epoch 10/40  train loss 0.6519  val loss 0.7163  val AUC 0.4921
  [seed 43] epoch 11/40  train loss 0.6498  val loss 0.7629  val AUC 0.4830
  [seed 43] epoch 12/40  train loss 0.6486  val loss 0.7507  val AUC 0.4817
  [seed 43] epoch 13/40  train loss 0.6460  val loss 0.8318  val AUC 0.4757
  [seed 43] epoch 14/40  train loss 0.6474  val loss 0.7565  val AUC 0.4671
  [seed 43] epoch 15/40  train loss 0.6436  val loss 0.7617  val AUC 0.4631
  [seed 43] epoch 16/40  train loss 0.6417  val loss 0.7865  val AUC 0.4832
  [seed 43] test loss 0.5923  test AUC nan
  [seed 44] epoch 1/40  train loss 0.6873  val loss 0.7073  val AUC 0.4843
  [seed 44] epoch 2/40  train loss 0.6755  val loss 0.7085  val AUC 0.4986
  [seed 44] epoch 3/40  train loss 0.6695  val loss 0.7058  val AUC 0.4999
  [seed 44] epoch 4/40  train loss 0.6664  val loss 0.7103  val AUC 0.4968
  [seed 44] epoch 5/40  train loss 0.6657  val loss 0.7025  val AUC 0.5004
  [seed 44] epoch 6/40  train loss 0.6635  val loss 0.7031  val AUC 0.4942
  [seed 44] epoch 7/40  train loss 0.6624  val loss 0.7071  val AUC 0.4870
  [seed 44] epoch 8/40  train loss 0.6611  val loss 0.7010  val AUC 0.4849
  [seed 44] epoch 9/40  train loss 0.6598  val loss 0.6948  val AUC 0.4945
  [seed 44] epoch 10/40  train loss 0.6613  val loss 0.7093  val AUC 0.5008
  [seed 44] epoch 11/40  train loss 0.6606  val loss 0.7048  val AUC 0.5016
  [seed 44] epoch 12/40  train loss 0.6580  val loss 0.7120  val AUC 0.5037
  [seed 44] epoch 13/40  train loss 0.6558  val loss 0.6939  val AUC 0.4968
  [seed 44] epoch 14/40  train loss 0.6564  val loss 0.6940  val AUC 0.5022
  [seed 44] epoch 15/40  train loss 0.6523  val loss 0.7011  val AUC 0.5067
  [seed 44] epoch 16/40  train loss 0.6495  val loss 0.6980  val AUC 0.5138
  [seed 44] epoch 17/40  train loss 0.6474  val loss 0.7134  val AUC 0.5089
  [seed 44] epoch 18/40  train loss 0.6476  val loss 0.6995  val AUC 0.5016
  [seed 44] epoch 19/40  train loss 0.6467  val loss 0.7030  val AUC 0.5081
  [seed 44] epoch 20/40  train loss 0.6478  val loss 0.7035  val AUC 0.5056
  [seed 44] epoch 21/40  train loss 0.6429  val loss 0.7022  val AUC 0.5207
  [seed 44] epoch 22/40  train loss 0.6423  val loss 0.6982  val AUC 0.5216
  [seed 44] epoch 23/40  train loss 0.6408  val loss 0.7058  val AUC 0.5131
  [seed 44] epoch 24/40  train loss 0.6412  val loss 0.7069  val AUC 0.5089
  [seed 44] epoch 25/40  train loss 0.6411  val loss 0.6980  val AUC 0.5276
  [seed 44] epoch 26/40  train loss 0.6374  val loss 0.7134  val AUC 0.5014
  [seed 44] epoch 27/40  train loss 0.6365  val loss 0.7098  val AUC 0.5117
  [seed 44] epoch 28/40  train loss 0.6394  val loss 0.7090  val AUC 0.5039
  [seed 44] epoch 29/40  train loss 0.6376  val loss 0.7086  val AUC 0.5088
  [seed 44] epoch 30/40  train loss 0.6360  val loss 0.7067  val AUC 0.5120
  [seed 44] epoch 31/40  train loss 0.6377  val loss 0.7122  val AUC 0.5050
  [seed 44] epoch 32/40  train loss 0.6369  val loss 0.7057  val AUC 0.5116
  [seed 44] epoch 33/40  train loss 0.6349  val loss 0.7068  val AUC 0.5119
/home/oguzb/Projects/sismokaos/waveform_forecast/.venv/lib/python3.12/site-packages/sklearn/metrics/_classification.py:2939: UserWarning: y_pred contains classes not in y_true
  warnings.warn("y_pred contains classes not in y_true")
  [seed 44] test loss 0.6005  test AUC nan

--- Floors (test set) ---
  base-rate (majority)   AUC nan   n=2515
  persistence            AUC nan   Brier nan   n=2515
  -> floor to clear      AUC 0.5000   (oriented: a rule below 0.5 is inverted for free)

--- multistation[features] ---
  per-seed AUC: ['nan', 'nan', 'nan']  mean nan  spread nan
  ENSEMBLE (mean of 3 seeds' probabilities)   AUC nan   n=2515

--- multistation[features] ensemble (fold 5/5, test set) ---
  n                    2515
  accuracy             0.9877
  balanced_accuracy    0.9877
  precision            0.0000
  recall               0.0000
  f1                   0.0000
  roc_auc              nan
  pr_auc               nan
  mcc                  nan
  brier                nan
  log_loss             nan
  brier_skill_score_vs_persistence nan
  confusion_matrix:
    [2484, 31]
    [0, 0]

================================================================
Walk-forward CV summary (5/5 folds)
================================================================
  ensemble AUC per fold: ['0.8271', '0.4479', '0.3702', '0.5369', 'nan']
  ensemble AUC:  mean 0.5455  std 0.1730
  floor AUC:     mean 0.6068  std 0.0699
  beats its own fold's floor in 1/5 folds
  [!] fold spread exceeds the margin over the floor -- read the per-fold column,
      not the mean. This is the condition under which a pooled number misleads.
