  20,136 hourly rows, 2 station(s), 2 feature(s) each
  hourly positive rate: 0.403
    MANT   present  88.0% of hours
    DEMI   present  64.0% of hours
    any    present  98.4%   <- what the masked model trains on
    all    present  53.6%   <- what an intersection-only model would get
  19,809 usable window(s) of 20,113
  device cuda, seeds [42, 43, 44], arm=features, mode=classify, embargo 359h

================================================================
fold 1/5
================================================================
  splits (chronological): train=2829 val=2471 test=2471
    train: positive rate 0.356
    val  : positive rate 0.000
    test : positive rate 0.631

  pos rate over time (equal-width blocks):
    2024-04-23 .. 2024-07-15  pos rate 0.421  n=2013  split~train
    2024-07-15 .. 2024-10-07  pos rate 0.080  n=2014  split~train
    2024-10-07 .. 2024-12-30  pos rate 0.000  n=2013  split~val
    2024-12-30 .. 2025-03-24  pos rate 0.623  n=2014  split~test
    2025-03-24 .. 2025-06-16  pos rate 0.701  n=2014  split~test
    2025-06-16 .. 2025-09-08  pos rate 0.725  n=2013  split~-
    2025-09-08 .. 2025-12-01  pos rate 0.831  n=2014  split~-
    2025-12-01 .. 2026-02-23  pos rate 0.313  n=2013  split~-
    2026-02-23 .. 2026-05-18  pos rate 0.334  n=2014  split~-
    2026-05-18 .. 2026-08-09  pos rate 0.000  n=2014  split~-

  [!] test pos rate (0.631) is 1.77x train's (0.356) -- likely a swarm or quiet period concentrated in one split rather than the model generalizing. Compare against the floors below (same skew), not against a nominal baseline.
    test coverage MANT  : 100.0% of hours
    test coverage DEMI  :  42.2% of hours
    [stats] 1 station(s) absent for the whole training split; standardized with the identity, and masked out at every hour anyway
  [seed 42] epoch 1/40  train loss 0.8879  val loss 0.3825  val AUC nan
  [seed 42] epoch 2/40  train loss 0.8791  val loss 0.3058  val AUC nan
  [seed 42] epoch 3/40  train loss 0.8690  val loss 0.2975  val AUC nan
  [seed 42] epoch 4/40  train loss 0.8602  val loss 0.2336  val AUC nan
  [seed 42] epoch 5/40  train loss 0.8555  val loss 0.2530  val AUC nan
  [seed 42] epoch 6/40  train loss 0.8525  val loss 0.2460  val AUC nan
  [seed 42] epoch 7/40  train loss 0.8561  val loss 0.2453  val AUC nan
  [seed 42] epoch 8/40  train loss 0.8542  val loss 0.2310  val AUC nan
  [seed 42] test loss 1.2311  test AUC 0.8081
  [seed 43] epoch 1/40  train loss 0.8889  val loss 0.7547  val AUC nan
  [seed 43] epoch 2/40  train loss 0.8801  val loss 0.7710  val AUC nan
  [seed 43] epoch 3/40  train loss 0.8733  val loss 0.6724  val AUC nan
  [seed 43] epoch 4/40  train loss 0.8709  val loss 0.7034  val AUC nan
  [seed 43] epoch 5/40  train loss 0.8694  val loss 0.7307  val AUC nan
  [seed 43] epoch 6/40  train loss 0.8678  val loss 0.7258  val AUC nan
  [seed 43] epoch 7/40  train loss 0.8691  val loss 0.7174  val AUC nan
  [seed 43] epoch 8/40  train loss 0.8674  val loss 0.7154  val AUC nan
  [seed 43] test loss 1.0612  test AUC 0.3532
  [seed 44] epoch 1/40  train loss 0.8892  val loss 0.5886  val AUC nan
  [seed 44] epoch 2/40  train loss 0.8741  val loss 0.4628  val AUC nan
  [seed 44] epoch 3/40  train loss 0.8613  val loss 0.3781  val AUC nan
  [seed 44] epoch 4/40  train loss 0.8548  val loss 0.3634  val AUC nan
  [seed 44] epoch 5/40  train loss 0.8620  val loss 0.3311  val AUC nan
  [seed 44] epoch 6/40  train loss 0.8501  val loss 0.3485  val AUC nan
  [seed 44] epoch 7/40  train loss 0.8533  val loss 0.3685  val AUC nan
  [seed 44] epoch 8/40  train loss 0.8501  val loss 0.4238  val AUC nan
  [seed 44] test loss 0.9864  test AUC 0.8109

--- Floors (test set) ---
  base-rate (majority)   AUC 0.5000   n=2471
  persistence            AUC 0.3413   Brier 0.6374   n=2471
  -> floor to clear      AUC 0.6587   (oriented: a rule below 0.5 is inverted for free)

--- multistation[features] ---
  per-seed AUC: ['0.8081', '0.3532', '0.8109']  mean 0.6574  spread 0.4578
  ENSEMBLE (mean of 3 seeds' probabilities)   AUC 0.8082   n=2471

--- multistation[features] ensemble (fold 1/5, test set) ---
  n                    2471
  accuracy             0.7163
  balanced_accuracy    0.7495
  precision            0.8959
  recall               0.6231
  f1                   0.7350
  roc_auc              0.8082
  pr_auc               0.8190
  mcc                  0.4851
  brier                0.2308
  log_loss             0.6594
  brier_skill_score_vs_persistence 0.6379
  confusion_matrix:
    [798, 113]
    [588, 972]

================================================================
fold 2/5
================================================================
  splits (chronological): train=5300 val=2471 test=2471
    train: positive rate 0.190
    val  : positive rate 0.631
    test : positive rate 0.709

  pos rate over time (equal-width blocks):
    2024-04-23 .. 2024-07-15  pos rate 0.421  n=2013  split~train
    2024-07-15 .. 2024-10-07  pos rate 0.080  n=2014  split~train
    2024-10-07 .. 2024-12-30  pos rate 0.000  n=2013  split~train
    2024-12-30 .. 2025-03-24  pos rate 0.623  n=2014  split~val
    2025-03-24 .. 2025-06-16  pos rate 0.701  n=2014  split~test
    2025-06-16 .. 2025-09-08  pos rate 0.725  n=2013  split~test
    2025-09-08 .. 2025-12-01  pos rate 0.831  n=2014  split~-
    2025-12-01 .. 2026-02-23  pos rate 0.313  n=2013  split~-
    2026-02-23 .. 2026-05-18  pos rate 0.334  n=2014  split~-
    2026-05-18 .. 2026-08-09  pos rate 0.000  n=2014  split~-

  [!] test pos rate (0.709) is 3.73x train's (0.190) -- likely a swarm or quiet period concentrated in one split rather than the model generalizing. Compare against the floors below (same skew), not against a nominal baseline.
    test coverage MANT  :  85.2% of hours
    test coverage DEMI  : 100.0% of hours
  [seed 42] epoch 1/40  train loss 1.0482  val loss 2.2058  val AUC 0.4821
  [seed 42] epoch 2/40  train loss 1.0014  val loss 2.4673  val AUC 0.4829
  [seed 42] epoch 3/40  train loss 0.9965  val loss 2.4376  val AUC 0.4808
  [seed 42] epoch 4/40  train loss 0.9767  val loss 2.6757  val AUC 0.4861
  [seed 42] epoch 5/40  train loss 0.9834  val loss 2.6109  val AUC 0.4882
  [seed 42] epoch 6/40  train loss 0.9788  val loss 3.0541  val AUC 0.4928
  [seed 42] epoch 7/40  train loss 0.9624  val loss 3.1339  val AUC 0.4853
  [seed 42] epoch 8/40  train loss 0.9616  val loss 2.7943  val AUC 0.4981
  [seed 42] epoch 9/40  train loss 0.9603  val loss 2.8226  val AUC 0.4997
  [seed 42] epoch 10/40  train loss 0.9541  val loss 2.7249  val AUC 0.5036
  [seed 42] epoch 11/40  train loss 0.9510  val loss 3.0988  val AUC 0.5048
  [seed 42] epoch 12/40  train loss 0.9514  val loss 3.1660  val AUC 0.5107
  [seed 42] epoch 13/40  train loss 0.9370  val loss 3.4576  val AUC 0.5085
  [seed 42] epoch 14/40  train loss 0.9315  val loss 3.5825  val AUC 0.5098
  [seed 42] epoch 15/40  train loss 0.9308  val loss 3.3691  val AUC 0.5065
  [seed 42] epoch 16/40  train loss 0.9252  val loss 3.6139  val AUC 0.5127
  [seed 42] epoch 17/40  train loss 0.9261  val loss 3.7006  val AUC 0.5162
  [seed 42] epoch 18/40  train loss 0.9200  val loss 3.6461  val AUC 0.5141
  [seed 42] epoch 19/40  train loss 0.9249  val loss 3.7930  val AUC 0.5195
  [seed 42] epoch 20/40  train loss 0.9159  val loss 4.0368  val AUC 0.5214
  [seed 42] epoch 21/40  train loss 0.9243  val loss 3.8610  val AUC 0.5211
  [seed 42] epoch 22/40  train loss 0.9085  val loss 4.2609  val AUC 0.5250
  [seed 42] epoch 23/40  train loss 0.9233  val loss 3.9164  val AUC 0.5388
  [seed 42] epoch 24/40  train loss 0.9071  val loss 3.8190  val AUC 0.5212
  [seed 42] epoch 25/40  train loss 0.9133  val loss 4.1228  val AUC 0.5429
  [seed 42] epoch 26/40  train loss 0.9007  val loss 4.2181  val AUC 0.5374
  [seed 42] epoch 27/40  train loss 0.9175  val loss 3.9272  val AUC 0.5268
  [seed 42] epoch 28/40  train loss 0.9056  val loss 4.0802  val AUC 0.5348
  [seed 42] epoch 29/40  train loss 0.9054  val loss 3.9828  val AUC 0.5330
  [seed 42] epoch 30/40  train loss 0.9082  val loss 3.9633  val AUC 0.5383
  [seed 42] epoch 31/40  train loss 0.9078  val loss 3.9975  val AUC 0.5342
  [seed 42] epoch 32/40  train loss 0.9151  val loss 4.0629  val AUC 0.5417
  [seed 42] epoch 33/40  train loss 0.8997  val loss 3.9460  val AUC 0.5365
  [seed 42] test loss 15.3099  test AUC 0.4151
  [seed 43] epoch 1/40  train loss 1.1257  val loss 2.1037  val AUC 0.4704
  [seed 43] epoch 2/40  train loss 1.1112  val loss 2.1752  val AUC 0.4681
  [seed 43] epoch 3/40  train loss 1.1089  val loss 2.1615  val AUC 0.4803
  [seed 43] epoch 4/40  train loss 1.1013  val loss 1.9954  val AUC 0.4803
  [seed 43] epoch 5/40  train loss 1.0975  val loss 2.0615  val AUC 0.4870
  [seed 43] epoch 6/40  train loss 1.0915  val loss 2.0345  val AUC 0.4949
  [seed 43] epoch 7/40  train loss 1.0837  val loss 2.1360  val AUC 0.5113
  [seed 43] epoch 8/40  train loss 1.0835  val loss 2.0927  val AUC 0.5106
  [seed 43] epoch 9/40  train loss 1.0808  val loss 2.1917  val AUC 0.5194
  [seed 43] epoch 10/40  train loss 1.0783  val loss 2.0988  val AUC 0.5238
  [seed 43] epoch 11/40  train loss 1.0774  val loss 2.2252  val AUC 0.5365
  [seed 43] epoch 12/40  train loss 1.0696  val loss 2.1336  val AUC 0.5493
  [seed 43] epoch 13/40  train loss 1.0435  val loss 2.6603  val AUC 0.6230
  [seed 43] epoch 14/40  train loss 1.0080  val loss 2.9549  val AUC 0.6452
  [seed 43] epoch 15/40  train loss 0.9749  val loss 2.2854  val AUC 0.6452
  [seed 43] epoch 16/40  train loss 0.9543  val loss 2.6993  val AUC 0.6437
  [seed 43] epoch 17/40  train loss 0.9409  val loss 2.5586  val AUC 0.6413
  [seed 43] epoch 18/40  train loss 0.9411  val loss 2.5451  val AUC 0.6468
  [seed 43] epoch 19/40  train loss 0.9340  val loss 2.9920  val AUC 0.6515
  [seed 43] epoch 20/40  train loss 0.9480  val loss 2.6776  val AUC 0.6519
  [seed 43] epoch 21/40  train loss 0.9355  val loss 2.5468  val AUC 0.6500
  [seed 43] epoch 22/40  train loss 0.9258  val loss 2.6064  val AUC 0.6514
  [seed 43] epoch 23/40  train loss 0.9370  val loss 2.2907  val AUC 0.6536
  [seed 43] epoch 24/40  train loss 0.9240  val loss 2.4948  val AUC 0.6551
  [seed 43] epoch 25/40  train loss 0.9272  val loss 2.4560  val AUC 0.6550
  [seed 43] epoch 26/40  train loss 0.9134  val loss 2.2772  val AUC 0.6546
  [seed 43] epoch 27/40  train loss 0.9207  val loss 2.3481  val AUC 0.6551
  [seed 43] epoch 28/40  train loss 0.9171  val loss 2.6201  val AUC 0.6561
  [seed 43] epoch 29/40  train loss 0.9152  val loss 2.8043  val AUC 0.6574
  [seed 43] epoch 30/40  train loss 0.9098  val loss 2.6028  val AUC 0.6564
  [seed 43] epoch 31/40  train loss 0.9222  val loss 2.6517  val AUC 0.6570
  [seed 43] epoch 32/40  train loss 0.9060  val loss 2.5926  val AUC 0.6572
  [seed 43] epoch 33/40  train loss 0.9062  val loss 2.6396  val AUC 0.6577
  [seed 43] epoch 34/40  train loss 0.9108  val loss 2.6094  val AUC 0.6576
  [seed 43] epoch 35/40  train loss 0.9059  val loss 2.5950  val AUC 0.6576
  [seed 43] epoch 36/40  train loss 0.9112  val loss 2.7135  val AUC 0.6583
  [seed 43] epoch 37/40  train loss 0.9075  val loss 2.7929  val AUC 0.6586
  [seed 43] epoch 38/40  train loss 0.9070  val loss 2.7593  val AUC 0.6586
  [seed 43] epoch 39/40  train loss 0.9008  val loss 2.7254  val AUC 0.6584
  [seed 43] epoch 40/40  train loss 0.8994  val loss 2.7280  val AUC 0.6584
  [seed 43] test loss 6.4226  test AUC 0.4577
  [seed 44] epoch 1/40  train loss 1.0856  val loss 2.4025  val AUC 0.4520
  [seed 44] epoch 2/40  train loss 1.0295  val loss 2.2117  val AUC 0.4709
  [seed 44] epoch 3/40  train loss 1.0094  val loss 2.2653  val AUC 0.4770
  [seed 44] epoch 4/40  train loss 1.0017  val loss 2.4530  val AUC 0.4776
  [seed 44] epoch 5/40  train loss 0.9850  val loss 2.6437  val AUC 0.4835
  [seed 44] epoch 6/40  train loss 0.9883  val loss 2.6054  val AUC 0.4849
  [seed 44] epoch 7/40  train loss 0.9684  val loss 2.6268  val AUC 0.4895
  [seed 44] epoch 8/40  train loss 0.9576  val loss 2.8419  val AUC 0.5215
  [seed 44] epoch 9/40  train loss 0.9569  val loss 3.3183  val AUC 0.5326
  [seed 44] epoch 10/40  train loss 0.9371  val loss 3.0832  val AUC 0.5430
  [seed 44] epoch 11/40  train loss 0.9302  val loss 3.7427  val AUC 0.5516
  [seed 44] epoch 12/40  train loss 0.9286  val loss 3.7903  val AUC 0.5759
  [seed 44] epoch 13/40  train loss 0.9193  val loss 3.2859  val AUC 0.5392
  [seed 44] epoch 14/40  train loss 0.9085  val loss 3.3979  val AUC 0.5553
  [seed 44] epoch 15/40  train loss 0.9010  val loss 4.5412  val AUC 0.5990
  [seed 44] epoch 16/40  train loss 0.9005  val loss 4.5669  val AUC 0.6157
  [seed 44] epoch 17/40  train loss 0.9074  val loss 4.4166  val AUC 0.6181
  [seed 44] epoch 18/40  train loss 0.9005  val loss 5.0662  val AUC 0.6341
  [seed 44] epoch 19/40  train loss 0.8891  val loss 4.6450  val AUC 0.6235
  [seed 44] epoch 20/40  train loss 0.8915  val loss 4.6852  val AUC 0.6362
  [seed 44] epoch 21/40  train loss 0.8799  val loss 4.9739  val AUC 0.6377
  [seed 44] epoch 22/40  train loss 0.8603  val loss 5.5120  val AUC 0.6439
  [seed 44] epoch 23/40  train loss 0.8671  val loss 5.3456  val AUC 0.6455
  [seed 44] epoch 24/40  train loss 0.8569  val loss 5.8388  val AUC 0.6446
  [seed 44] epoch 25/40  train loss 0.8551  val loss 5.9308  val AUC 0.6430
  [seed 44] epoch 26/40  train loss 0.8641  val loss 4.9948  val AUC 0.6539
  [seed 44] epoch 27/40  train loss 0.8667  val loss 6.4131  val AUC 0.6486
  [seed 44] epoch 28/40  train loss 0.8576  val loss 5.6075  val AUC 0.6521
  [seed 44] epoch 29/40  train loss 0.8519  val loss 6.5193  val AUC 0.6502
  [seed 44] epoch 30/40  train loss 0.8479  val loss 6.6631  val AUC 0.6503
  [seed 44] epoch 31/40  train loss 0.8524  val loss 6.0345  val AUC 0.6490
  [seed 44] epoch 32/40  train loss 0.8433  val loss 6.1319  val AUC 0.6518
  [seed 44] epoch 33/40  train loss 0.8367  val loss 6.2959  val AUC 0.6515
  [seed 44] epoch 34/40  train loss 0.8448  val loss 6.0468  val AUC 0.6528
  [seed 44] test loss 15.1151  test AUC 0.3854

--- Floors (test set) ---
  base-rate (majority)   AUC 0.5000   n=2471
  persistence            AUC 0.3650   Brier 0.5354   n=2471
  -> floor to clear      AUC 0.6350   (oriented: a rule below 0.5 is inverted for free)

--- multistation[features] ---
  per-seed AUC: ['0.4151', '0.4577', '0.3854']  mean 0.4194  spread 0.0722
  ENSEMBLE (mean of 3 seeds' probabilities)   AUC 0.4543   n=2471

--- multistation[features] ensemble (fold 2/5, test set) ---
  n                    2471
  accuracy             0.2910
  balanced_accuracy    0.4985
  precision            0.4000
  recall               0.0011
  f1                   0.0023
  roc_auc              0.4543
  pr_auc               0.6801
  mcc                  -0.0306
  brier                0.5717
  log_loss             1.9470
  brier_skill_score_vs_persistence -0.0678
  confusion_matrix:
    [717, 3]
    [1749, 2]

================================================================
fold 3/5
================================================================
  splits (chronological): train=7771 val=2471 test=2471
    train: positive rate 0.330
    val  : positive rate 0.709
    test : positive rate 0.805

  pos rate over time (equal-width blocks):
    2024-04-23 .. 2024-07-15  pos rate 0.421  n=2013  split~train
    2024-07-15 .. 2024-10-07  pos rate 0.080  n=2014  split~train
    2024-10-07 .. 2024-12-30  pos rate 0.000  n=2013  split~train
    2024-12-30 .. 2025-03-24  pos rate 0.623  n=2014  split~train
    2025-03-24 .. 2025-06-16  pos rate 0.701  n=2014  split~val
    2025-06-16 .. 2025-09-08  pos rate 0.725  n=2013  split~val
    2025-09-08 .. 2025-12-01  pos rate 0.831  n=2014  split~test
    2025-12-01 .. 2026-02-23  pos rate 0.313  n=2013  split~test
    2026-02-23 .. 2026-05-18  pos rate 0.334  n=2014  split~-
    2026-05-18 .. 2026-08-09  pos rate 0.000  n=2014  split~-

  [!] test pos rate (0.805) is 2.44x train's (0.330) -- likely a swarm or quiet period concentrated in one split rather than the model generalizing. Compare against the floors below (same skew), not against a nominal baseline.
    test coverage MANT  :  79.6% of hours
    test coverage DEMI  :  68.2% of hours
  [seed 42] epoch 1/40  train loss 0.8944  val loss 1.6752  val AUC 0.3967
  [seed 42] epoch 2/40  train loss 0.8840  val loss 2.0153  val AUC 0.4003
  [seed 42] epoch 3/40  train loss 0.8734  val loss 1.8209  val AUC 0.4010
  [seed 42] epoch 4/40  train loss 0.8698  val loss 1.6244  val AUC 0.3982
  [seed 42] epoch 5/40  train loss 0.8568  val loss 1.7179  val AUC 0.4056
  [seed 42] epoch 6/40  train loss 0.8442  val loss 1.9335  val AUC 0.4064
  [seed 42] epoch 7/40  train loss 0.8434  val loss 1.7464  val AUC 0.4265
  [seed 42] epoch 8/40  train loss 0.8334  val loss 1.9566  val AUC 0.4152
  [seed 42] epoch 9/40  train loss 0.8255  val loss 2.1749  val AUC 0.4307
  [seed 42] epoch 10/40  train loss 0.8199  val loss 2.1768  val AUC 0.4314
  [seed 42] epoch 11/40  train loss 0.8119  val loss 2.0675  val AUC 0.4285
  [seed 42] epoch 12/40  train loss 0.8041  val loss 2.3522  val AUC 0.4204
  [seed 42] epoch 13/40  train loss 0.8054  val loss 2.1162  val AUC 0.4197
  [seed 42] epoch 14/40  train loss 0.8003  val loss 2.1348  val AUC 0.4267
  [seed 42] epoch 15/40  train loss 0.8051  val loss 2.6258  val AUC 0.4331
  [seed 42] epoch 16/40  train loss 0.7995  val loss 2.3250  val AUC 0.4313
  [seed 42] epoch 17/40  train loss 0.7920  val loss 2.2392  val AUC 0.4366
  [seed 42] epoch 18/40  train loss 0.7905  val loss 2.3454  val AUC 0.4339
  [seed 42] epoch 19/40  train loss 0.7914  val loss 2.2979  val AUC 0.4277
  [seed 42] epoch 20/40  train loss 0.7942  val loss 2.3899  val AUC 0.4329
  [seed 42] epoch 21/40  train loss 0.7922  val loss 2.4120  val AUC 0.4391
  [seed 42] epoch 22/40  train loss 0.7932  val loss 2.5568  val AUC 0.4364
  [seed 42] epoch 23/40  train loss 0.7836  val loss 2.5162  val AUC 0.4412
  [seed 42] epoch 24/40  train loss 0.7884  val loss 2.5022  val AUC 0.4384
  [seed 42] epoch 25/40  train loss 0.7863  val loss 2.3980  val AUC 0.4380
  [seed 42] epoch 26/40  train loss 0.7842  val loss 2.3979  val AUC 0.4359
  [seed 42] epoch 27/40  train loss 0.7830  val loss 2.4390  val AUC 0.4409
  [seed 42] epoch 28/40  train loss 0.7835  val loss 2.4206  val AUC 0.4392
  [seed 42] epoch 29/40  train loss 0.7802  val loss 2.4988  val AUC 0.4390
  [seed 42] epoch 30/40  train loss 0.7778  val loss 2.5228  val AUC 0.4394
  [seed 42] epoch 31/40  train loss 0.7755  val loss 2.5610  val AUC 0.4425
  [seed 42] epoch 32/40  train loss 0.7848  val loss 2.5317  val AUC 0.4427
  [seed 42] epoch 33/40  train loss 0.7744  val loss 2.6426  val AUC 0.4430
  [seed 42] epoch 34/40  train loss 0.7824  val loss 2.4731  val AUC 0.4422
  [seed 42] epoch 35/40  train loss 0.7757  val loss 2.5370  val AUC 0.4429
  [seed 42] epoch 36/40  train loss 0.7766  val loss 2.5471  val AUC 0.4422
  [seed 42] epoch 37/40  train loss 0.7752  val loss 2.5416  val AUC 0.4421
  [seed 42] epoch 38/40  train loss 0.7746  val loss 2.5399  val AUC 0.4426
  [seed 42] epoch 39/40  train loss 0.7717  val loss 2.5501  val AUC 0.4425
  [seed 42] epoch 40/40  train loss 0.7759  val loss 2.5481  val AUC 0.4425
  [seed 42] test loss 4.8751  test AUC 0.2939
  [seed 43] epoch 1/40  train loss 0.9330  val loss 1.2128  val AUC 0.4845
  [seed 43] epoch 2/40  train loss 0.9295  val loss 1.2087  val AUC 0.4924
  [seed 43] epoch 3/40  train loss 0.9286  val loss 1.1793  val AUC 0.4884
  [seed 43] epoch 4/40  train loss 0.9225  val loss 1.2196  val AUC 0.4843
  [seed 43] epoch 5/40  train loss 0.9133  val loss 1.2638  val AUC 0.5034
  [seed 43] epoch 6/40  train loss 0.9080  val loss 1.2735  val AUC 0.5855
  [seed 43] epoch 7/40  train loss 0.9035  val loss 1.2537  val AUC 0.5204
  [seed 43] epoch 8/40  train loss 0.8911  val loss 1.4184  val AUC 0.5065
  [seed 43] epoch 9/40  train loss 0.8793  val loss 1.4199  val AUC 0.4838
  [seed 43] epoch 10/40  train loss 0.8785  val loss 1.3227  val AUC 0.4936
  [seed 43] epoch 11/40  train loss 0.8750  val loss 1.3574  val AUC 0.4354
  [seed 43] epoch 12/40  train loss 0.8678  val loss 1.4669  val AUC 0.4710
  [seed 43] epoch 13/40  train loss 0.8618  val loss 1.3943  val AUC 0.4380
  [seed 43] epoch 14/40  train loss 0.8561  val loss 1.4349  val AUC 0.4677
  [seed 43] test loss 1.3598  test AUC 0.5715
  [seed 44] epoch 1/40  train loss 0.9114  val loss 1.5829  val AUC 0.3855
  [seed 44] epoch 2/40  train loss 0.8785  val loss 1.5678  val AUC 0.4209
  [seed 44] epoch 3/40  train loss 0.8678  val loss 1.4834  val AUC 0.4352
  [seed 44] epoch 4/40  train loss 0.8527  val loss 1.4477  val AUC 0.4197
  [seed 44] epoch 5/40  train loss 0.8575  val loss 1.6856  val AUC 0.4305
  [seed 44] epoch 6/40  train loss 0.8420  val loss 1.8391  val AUC 0.4289
  [seed 44] epoch 7/40  train loss 0.8307  val loss 1.7830  val AUC 0.4218
  [seed 44] epoch 8/40  train loss 0.8285  val loss 1.6390  val AUC 0.4093
  [seed 44] epoch 9/40  train loss 0.8186  val loss 1.9914  val AUC 0.4178
  [seed 44] epoch 10/40  train loss 0.8122  val loss 2.0812  val AUC 0.4139
  [seed 44] epoch 11/40  train loss 0.8060  val loss 2.1999  val AUC 0.4135
  [seed 44] test loss 1.9130  test AUC 0.3184

--- Floors (test set) ---
  base-rate (majority)   AUC 0.5000   n=2471
  persistence            AUC 0.4194   Brier 0.3298   n=2471
  -> floor to clear      AUC 0.5806   (oriented: a rule below 0.5 is inverted for free)

--- multistation[features] ---
  per-seed AUC: ['0.2939', '0.5715', '0.3184']  mean 0.3946  spread 0.2775
  ENSEMBLE (mean of 3 seeds' probabilities)   AUC 0.3009   n=2471

--- multistation[features] ensemble (fold 3/5, test set) ---
  n                    2471
  accuracy             0.2655
  balanced_accuracy    0.5422
  precision            0.9888
  recall               0.0885
  f1                   0.1624
  roc_auc              0.3009
  pr_auc               0.7715
  mcc                  0.1293
  brier                0.3878
  log_loss             0.9964
  brier_skill_score_vs_persistence -0.1757
  confusion_matrix:
    [480, 2]
    [1813, 176]

================================================================
fold 4/5
================================================================
  splits (chronological): train=10242 val=2471 test=2471
    train: positive rate 0.422
    val  : positive rate 0.805
    test : positive rate 0.430

  pos rate over time (equal-width blocks):
    2024-04-23 .. 2024-07-15  pos rate 0.421  n=2013  split~train
    2024-07-15 .. 2024-10-07  pos rate 0.080  n=2014  split~train
    2024-10-07 .. 2024-12-30  pos rate 0.000  n=2013  split~train
    2024-12-30 .. 2025-03-24  pos rate 0.623  n=2014  split~train
    2025-03-24 .. 2025-06-16  pos rate 0.701  n=2014  split~train
    2025-06-16 .. 2025-09-08  pos rate 0.725  n=2013  split~train
    2025-09-08 .. 2025-12-01  pos rate 0.831  n=2014  split~val
    2025-12-01 .. 2026-02-23  pos rate 0.313  n=2013  split~test
    2026-02-23 .. 2026-05-18  pos rate 0.334  n=2014  split~test
    2026-05-18 .. 2026-08-09  pos rate 0.000  n=2014  split~-
    test coverage MANT  :  60.3% of hours
    test coverage DEMI  :  79.6% of hours
  [seed 42] epoch 1/40  train loss 0.7992  val loss 0.9273  val AUC 0.6058
  [seed 42] epoch 2/40  train loss 0.7870  val loss 0.8824  val AUC 0.6254
  [seed 42] epoch 3/40  train loss 0.7826  val loss 0.8022  val AUC 0.6292
  [seed 42] epoch 4/40  train loss 0.7721  val loss 0.8211  val AUC 0.6321
  [seed 42] epoch 5/40  train loss 0.7701  val loss 0.7217  val AUC 0.6711
  [seed 42] epoch 6/40  train loss 0.7626  val loss 0.8383  val AUC 0.6116
  [seed 42] epoch 7/40  train loss 0.7566  val loss 0.9559  val AUC 0.5728
  [seed 42] epoch 8/40  train loss 0.7511  val loss 0.7750  val AUC 0.6389
  [seed 42] epoch 9/40  train loss 0.7392  val loss 0.8289  val AUC 0.5999
  [seed 42] epoch 10/40  train loss 0.7375  val loss 0.8406  val AUC 0.5813
  [seed 42] epoch 11/40  train loss 0.7263  val loss 0.8287  val AUC 0.6018
  [seed 42] epoch 12/40  train loss 0.7247  val loss 0.7655  val AUC 0.6481
  [seed 42] epoch 13/40  train loss 0.7222  val loss 0.7652  val AUC 0.6114
  [seed 42] test loss 0.8495  test AUC 0.4963
  [seed 43] epoch 1/40  train loss 0.8038  val loss 0.9208  val AUC 0.6414
  [seed 43] epoch 2/40  train loss 0.8004  val loss 0.8634  val AUC 0.7282
  [seed 43] epoch 3/40  train loss 0.7980  val loss 0.8884  val AUC 0.7513
  [seed 43] epoch 4/40  train loss 0.7953  val loss 0.8888  val AUC 0.7563
  [seed 43] epoch 5/40  train loss 0.7945  val loss 0.8290  val AUC 0.7624
  [seed 43] epoch 6/40  train loss 0.7917  val loss 0.9107  val AUC 0.7628
  [seed 43] epoch 7/40  train loss 0.7899  val loss 0.8536  val AUC 0.7620
  [seed 43] epoch 8/40  train loss 0.7867  val loss 0.8250  val AUC 0.6803
  [seed 43] epoch 9/40  train loss 0.7836  val loss 0.7844  val AUC 0.7370
  [seed 43] epoch 10/40  train loss 0.7788  val loss 0.7567  val AUC 0.6551
  [seed 43] epoch 11/40  train loss 0.7742  val loss 0.7428  val AUC 0.6446
  [seed 43] epoch 12/40  train loss 0.7727  val loss 0.7606  val AUC 0.6145
  [seed 43] epoch 13/40  train loss 0.7736  val loss 0.7852  val AUC 0.5937
  [seed 43] epoch 14/40  train loss 0.7703  val loss 0.7128  val AUC 0.6555
  [seed 43] test loss 0.8457  test AUC 0.5361
  [seed 44] epoch 1/40  train loss 0.8020  val loss 0.8397  val AUC 0.6454
  [seed 44] epoch 2/40  train loss 0.7905  val loss 0.7894  val AUC 0.6947
  [seed 44] epoch 3/40  train loss 0.7859  val loss 0.7935  val AUC 0.6963
  [seed 44] epoch 4/40  train loss 0.7824  val loss 0.7481  val AUC 0.7033
  [seed 44] epoch 5/40  train loss 0.7786  val loss 0.7393  val AUC 0.6853
  [seed 44] epoch 6/40  train loss 0.7740  val loss 0.7601  val AUC 0.6570
  [seed 44] epoch 7/40  train loss 0.7732  val loss 0.7488  val AUC 0.7070
  [seed 44] epoch 8/40  train loss 0.7687  val loss 0.7105  val AUC 0.7107
  [seed 44] epoch 9/40  train loss 0.7686  val loss 0.7045  val AUC 0.6844
  [seed 44] epoch 10/40  train loss 0.7679  val loss 0.7069  val AUC 0.6980
  [seed 44] epoch 11/40  train loss 0.7645  val loss 0.7134  val AUC 0.6819
  [seed 44] epoch 12/40  train loss 0.7600  val loss 0.7384  val AUC 0.7196
  [seed 44] epoch 13/40  train loss 0.7614  val loss 0.6999  val AUC 0.6806
  [seed 44] epoch 14/40  train loss 0.7581  val loss 0.7402  val AUC 0.6853
  [seed 44] epoch 15/40  train loss 0.7542  val loss 0.6985  val AUC 0.7099
  [seed 44] epoch 16/40  train loss 0.7549  val loss 0.7637  val AUC 0.6751
  [seed 44] epoch 17/40  train loss 0.7480  val loss 0.7560  val AUC 0.6890
  [seed 44] epoch 18/40  train loss 0.7524  val loss 0.6953  val AUC 0.6941
  [seed 44] epoch 19/40  train loss 0.7498  val loss 0.7391  val AUC 0.6641
  [seed 44] epoch 20/40  train loss 0.7448  val loss 0.7936  val AUC 0.6569
  [seed 44] test loss 0.9288  test AUC 0.5511

--- Floors (test set) ---
  base-rate (majority)   AUC 0.5000   n=2471
  persistence            AUC 0.2652   Brier 0.7046   n=2471
  -> floor to clear      AUC 0.7348   (oriented: a rule below 0.5 is inverted for free)

--- multistation[features] ---
  per-seed AUC: ['0.4963', '0.5361', '0.5511']  mean 0.5279  spread 0.0548
  ENSEMBLE (mean of 3 seeds' probabilities)   AUC 0.5341   n=2471

--- multistation[features] ensemble (fold 4/5, test set) ---
  n                    2471
  accuracy             0.5164
  balanced_accuracy    0.4958
  precision            0.4240
  recall               0.3493
  f1                   0.3831
  roc_auc              0.5341
  pr_auc               0.4268
  mcc                  -0.0087
  brier                0.2704
  log_loss             0.7495
  brier_skill_score_vs_persistence 0.6162
  confusion_matrix:
    [905, 504]
    [691, 371]

================================================================
fold 5/5
================================================================
  splits (chronological): train=12713 val=2471 test=2471
    train: positive rate 0.496
    val  : positive rate 0.430
    test : positive rate 0.000

  pos rate over time (equal-width blocks):
    2024-04-23 .. 2024-07-15  pos rate 0.421  n=2013  split~train
    2024-07-15 .. 2024-10-07  pos rate 0.080  n=2014  split~train
    2024-10-07 .. 2024-12-30  pos rate 0.000  n=2013  split~train
    2024-12-30 .. 2025-03-24  pos rate 0.623  n=2014  split~train
    2025-03-24 .. 2025-06-16  pos rate 0.701  n=2014  split~train
    2025-06-16 .. 2025-09-08  pos rate 0.725  n=2013  split~train
    2025-09-08 .. 2025-12-01  pos rate 0.831  n=2014  split~train
    2025-12-01 .. 2026-02-23  pos rate 0.313  n=2013  split~val
    2026-02-23 .. 2026-05-18  pos rate 0.334  n=2014  split~val
    2026-05-18 .. 2026-08-09  pos rate 0.000  n=2014  split~test

  [!] test pos rate (0.000) is 0.00x train's (0.496) -- likely a swarm or quiet period concentrated in one split rather than the model generalizing. Compare against the floors below (same skew), not against a nominal baseline.
    test coverage MANT  : 100.0% of hours
    test coverage DEMI  :  99.6% of hours
  [seed 42] epoch 1/40  train loss 0.6814  val loss 0.7236  val AUC 0.5019
  [seed 42] epoch 2/40  train loss 0.6674  val loss 0.7330  val AUC 0.5011
  [seed 42] epoch 3/40  train loss 0.6616  val loss 0.7178  val AUC 0.5052
  [seed 42] epoch 4/40  train loss 0.6557  val loss 0.7246  val AUC 0.5014
  [seed 42] epoch 5/40  train loss 0.6487  val loss 0.7436  val AUC 0.4693
  [seed 42] epoch 6/40  train loss 0.6371  val loss 0.7666  val AUC 0.4475
  [seed 42] epoch 7/40  train loss 0.6232  val loss 0.7495  val AUC 0.4438
  [seed 42] epoch 8/40  train loss 0.6159  val loss 0.7575  val AUC 0.4488
  [seed 42] epoch 9/40  train loss 0.6126  val loss 0.8288  val AUC 0.4381
  [seed 42] epoch 10/40  train loss 0.6100  val loss 0.7843  val AUC 0.4364
  [seed 42] epoch 11/40  train loss 0.6034  val loss 0.8110  val AUC 0.4345
  [seed 42] test loss 0.6485  test AUC nan
  [seed 43] epoch 1/40  train loss 0.6998  val loss 0.7127  val AUC 0.5530
  [seed 43] epoch 2/40  train loss 0.6929  val loss 0.7198  val AUC 0.5484
  [seed 43] epoch 3/40  train loss 0.6839  val loss 0.7541  val AUC 0.5150
  [seed 43] epoch 4/40  train loss 0.6562  val loss 0.7362  val AUC 0.4730
  [seed 43] epoch 5/40  train loss 0.6417  val loss 0.7353  val AUC 0.5174
  [seed 43] epoch 6/40  train loss 0.6379  val loss 0.7814  val AUC 0.4974
  [seed 43] epoch 7/40  train loss 0.6334  val loss 0.8199  val AUC 0.4832
  [seed 43] epoch 8/40  train loss 0.6334  val loss 0.8162  val AUC 0.4728
  [seed 43] epoch 9/40  train loss 0.6329  val loss 0.8207  val AUC 0.4566
  [seed 43] test loss 0.7510  test AUC nan
  [seed 44] epoch 1/40  train loss 0.6806  val loss 0.7072  val AUC 0.4670
  [seed 44] epoch 2/40  train loss 0.6681  val loss 0.7278  val AUC 0.4613
  [seed 44] epoch 3/40  train loss 0.6645  val loss 0.7100  val AUC 0.4724
  [seed 44] epoch 4/40  train loss 0.6567  val loss 0.7006  val AUC 0.4964
  [seed 44] epoch 5/40  train loss 0.6530  val loss 0.7059  val AUC 0.4706
  [seed 44] epoch 6/40  train loss 0.6502  val loss 0.7121  val AUC 0.4818
  [seed 44] epoch 7/40  train loss 0.6491  val loss 0.7044  val AUC 0.4864
  [seed 44] epoch 8/40  train loss 0.6461  val loss 0.7440  val AUC 0.4605
  [seed 44] epoch 9/40  train loss 0.6476  val loss 0.7252  val AUC 0.4805
  [seed 44] epoch 10/40  train loss 0.6435  val loss 0.7444  val AUC 0.4431
  [seed 44] epoch 11/40  train loss 0.6430  val loss 0.7377  val AUC 0.4591
  [seed 44] epoch 12/40  train loss 0.6421  val loss 0.7417  val AUC 0.4464
/home/oguzb/Projects/sismokaos/waveform_forecast/.venv/lib/python3.12/site-packages/sklearn/metrics/_classification.py:2939: UserWarning: y_pred contains classes not in y_true
  warnings.warn("y_pred contains classes not in y_true")
  [seed 44] test loss 0.6273  test AUC nan

--- Floors (test set) ---
  base-rate (majority)   AUC nan   n=2471
  persistence            AUC nan   Brier nan   n=2471
  -> floor to clear      AUC 0.5000   (oriented: a rule below 0.5 is inverted for free)

--- multistation[features] ---
  per-seed AUC: ['nan', 'nan', 'nan']  mean nan  spread nan
  ENSEMBLE (mean of 3 seeds' probabilities)   AUC nan   n=2471

--- multistation[features] ensemble (fold 5/5, test set) ---
  n                    2471
  accuracy             0.9522
  balanced_accuracy    0.9522
  precision            0.0000
  recall               0.0000
  f1                   0.0000
  roc_auc              nan
  pr_auc               nan
  mcc                  nan
  brier                nan
  log_loss             nan
  brier_skill_score_vs_persistence nan
  confusion_matrix:
    [2353, 118]
    [0, 0]

================================================================
Walk-forward CV summary (5/5 folds)
================================================================
  ensemble AUC per fold: ['0.8082', '0.4543', '0.3009', '0.5341', 'nan']
  ensemble AUC:  mean 0.5244  std 0.1840
  floor AUC:     mean 0.6218  std 0.0785
  beats its own fold's floor in 1/5 folds
  [!] fold spread exceeds the margin over the floor -- read the per-fold column,
      not the mean. This is the condition under which a pooled number misleads.
