  train zone: MANT+DEMI
      MANT    38.4908N  28.5579E
      DEMI    39.0428N  28.7162E
      30 qualifying event(s) inside the archive span, within 150 km of the nearest
          (106 in the catalogue overall; the earlier ones still set `days since previous`)
  test zone: MANT+DEMI
      MANT    38.4908N  28.5579E
      DEMI    39.0428N  28.7162E
      30 qualifying event(s) inside the archive span, within 150 km of the nearest
          (106 in the catalogue overall; the earlier ones still set `days since previous`)

  20,136 hourly rows, 2 station(s), 207 feature(s) each
  hourly positive rate: train zone 0.243
    MANT   present  88.0% of hours
    DEMI   present  64.0% of hours
    all stations: any  98.4%   all  53.6%
  19,809 usable train window(s) of 20,129
  device cuda, seeds [42, 43, 44], arm=features, mode=classify, embargo 343h

================================================================
fold 1/5
================================================================
  splits (chronological): train=2829 val=2487 test=2487
    train: positive rate 0.119
    val  : positive rate 0.000
    test : positive rate 0.136

  pos rate over time (equal-width blocks):
    2024-04-23 .. 2024-07-15  pos rate 0.167  n=2013  split~train
    2024-07-15 .. 2024-10-07  pos rate 0.000  n=2014  split~train
    2024-10-07 .. 2024-12-30  pos rate 0.000  n=2013  split~val
    2024-12-30 .. 2025-03-24  pos rate 0.000  n=2014  split~test
    2025-03-24 .. 2025-06-16  pos rate 0.335  n=2014  split~test
    2025-06-16 .. 2025-09-08  pos rate 0.509  n=2013  split~-
    2025-09-08 .. 2025-12-01  pos rate 0.774  n=2014  split~-
    2025-12-01 .. 2026-02-23  pos rate 0.313  n=2013  split~-
    2026-02-23 .. 2026-05-18  pos rate 0.334  n=2014  split~-
    2026-05-18 .. 2026-08-09  pos rate 0.000  n=2014  split~-
    test coverage MANT  : 100.0% of hours
    test coverage DEMI  :  41.9% of hours
    [stats] 1 station(s) absent for the whole training split; standardized with the identity, and masked out at every hour anyway
          [!] with a held-out zone, a station absent here is NOT masked at test time --
              it will be fed raw while the training stations were z-scored. Choose a train
              window that overlaps the test stations' archive.
  [model] branch=mean head=mlp  78,375 parameter(s)
  [seed 42] epoch 1/40  train loss 0.8819  val loss 0.4596  val AUC nan
  [seed 42] epoch 2/40  train loss 0.6131  val loss 0.2670  val AUC nan
  [seed 42] epoch 3/40  train loss 0.4188  val loss 0.2797  val AUC nan
  [seed 42] epoch 4/40  train loss 0.2920  val loss 0.1621  val AUC nan
  [seed 42] epoch 5/40  train loss 0.2194  val loss 0.4207  val AUC nan
  [seed 42] epoch 6/40  train loss 0.1580  val loss 0.2362  val AUC nan
  [seed 42] epoch 7/40  train loss 0.1370  val loss 0.2021  val AUC nan
  [seed 42] epoch 8/40  train loss 0.1005  val loss 0.3289  val AUC nan
  [seed 42] test loss 5.9919  test AUC 0.5445
  [seed 43] epoch 1/40  train loss 0.8564  val loss 0.4346  val AUC nan
  [seed 43] epoch 2/40  train loss 0.5823  val loss 0.2965  val AUC nan
  [seed 43] epoch 3/40  train loss 0.4285  val loss 0.2323  val AUC nan
  [seed 43] epoch 4/40  train loss 0.2468  val loss 0.2160  val AUC nan
  [seed 43] epoch 5/40  train loss 0.2057  val loss 0.1838  val AUC nan
  [seed 43] epoch 6/40  train loss 0.1357  val loss 0.1294  val AUC nan
  [seed 43] epoch 7/40  train loss 0.0787  val loss 0.1903  val AUC nan
  [seed 43] epoch 8/40  train loss 0.1098  val loss 0.1821  val AUC nan
  [seed 43] test loss 2.9960  test AUC 0.7872
  [seed 44] epoch 1/40  train loss 0.8855  val loss 0.4009  val AUC nan
  [seed 44] epoch 2/40  train loss 0.5958  val loss 0.2124  val AUC nan
  [seed 44] epoch 3/40  train loss 0.4048  val loss 0.2505  val AUC nan
  [seed 44] epoch 4/40  train loss 0.2698  val loss 0.1439  val AUC nan
  [seed 44] epoch 5/40  train loss 0.1900  val loss 0.1244  val AUC nan
  [seed 44] epoch 6/40  train loss 0.1427  val loss 0.1733  val AUC nan
  [seed 44] epoch 7/40  train loss 0.1312  val loss 0.1926  val AUC nan
  [seed 44] epoch 8/40  train loss 0.0896  val loss 0.1406  val AUC nan
  [seed 44] test loss 3.3215  test AUC 0.7575

--- Floors (test set) ---
  base-rate (majority)   AUC 0.5000   n=2487
  persistence            AUC 0.5027   Brier 0.1359   n=2487
  -> floor to clear      AUC 0.5027   (oriented: a rule below 0.5 is inverted for free)

--- multistation[features/mean+mlp] ---
  per-seed AUC: ['0.5445', '0.7872', '0.7575']  mean 0.6964  spread 0.2427
  ENSEMBLE (mean of 3 seeds' probabilities)   AUC 0.8014   n=2487

--- multistation[features/mean+mlp] ensemble (fold 1/5, test set) ---
  n                    2487
  accuracy             0.8404
  balanced_accuracy    0.4890
  precision            0.0323
  recall               0.0059
  f1                   0.0100
  roc_auc              0.8014
  pr_auc               0.2836
  mcc                  -0.0485
  brier                0.1326
  log_loss             0.4892
  brier_skill_score_vs_persistence 0.0240
  confusion_matrix:
    [2088, 60]
    [337, 2]

================================================================
fold 2/5
================================================================
  splits (chronological): train=5316 val=2487 test=2487
    train: positive rate 0.063
    val  : positive rate 0.136
    test : positive rate 0.372

  pos rate over time (equal-width blocks):
    2024-04-23 .. 2024-07-15  pos rate 0.167  n=2013  split~train
    2024-07-15 .. 2024-10-07  pos rate 0.000  n=2014  split~train
    2024-10-07 .. 2024-12-30  pos rate 0.000  n=2013  split~train
    2024-12-30 .. 2025-03-24  pos rate 0.000  n=2014  split~val
    2025-03-24 .. 2025-06-16  pos rate 0.335  n=2014  split~test
    2025-06-16 .. 2025-09-08  pos rate 0.509  n=2013  split~test
    2025-09-08 .. 2025-12-01  pos rate 0.774  n=2014  split~-
    2025-12-01 .. 2026-02-23  pos rate 0.313  n=2013  split~-
    2026-02-23 .. 2026-05-18  pos rate 0.334  n=2014  split~-
    2026-05-18 .. 2026-08-09  pos rate 0.000  n=2014  split~-

  [!] test pos rate (0.372) is 5.89x train's (0.063) -- likely a swarm or quiet period concentrated in one split rather than the model generalizing. Compare against the floors below (same skew), not against a nominal baseline.
    test coverage MANT  :  85.3% of hours
    test coverage DEMI  : 100.0% of hours
  [model] branch=mean head=mlp  78,375 parameter(s)
  [seed 42] epoch 1/40  train loss 1.1623  val loss 5.8495  val AUC 0.7840
  [seed 42] epoch 2/40  train loss 0.8353  val loss 9.5769  val AUC 0.7018
  [seed 42] epoch 3/40  train loss 0.5826  val loss 13.7324  val AUC 0.6250
  [seed 42] epoch 4/40  train loss 0.4205  val loss 16.7157  val AUC 0.5490
  [seed 42] epoch 5/40  train loss 0.3422  val loss 19.9218  val AUC 0.5945
  [seed 42] epoch 6/40  train loss 0.2920  val loss 21.7829  val AUC 0.4772
  [seed 42] epoch 7/40  train loss 0.1651  val loss 23.6439  val AUC 0.5412
  [seed 42] epoch 8/40  train loss 0.1514  val loss 26.6008  val AUC 0.4016
  [seed 42] epoch 9/40  train loss 0.1686  val loss 26.0353  val AUC 0.5055
  [seed 42] test loss 13.1759  test AUC 0.5774
  [seed 43] epoch 1/40  train loss 1.0558  val loss 7.4745  val AUC 0.6877
  [seed 43] epoch 2/40  train loss 0.8539  val loss 10.6938  val AUC 0.7615
  [seed 43] epoch 3/40  train loss 0.6576  val loss 13.2248  val AUC 0.7276
  [seed 43] epoch 4/40  train loss 0.4822  val loss 15.8313  val AUC 0.6944
  [seed 43] epoch 5/40  train loss 0.3388  val loss 17.5506  val AUC 0.6450
  [seed 43] epoch 6/40  train loss 0.2567  val loss 18.7974  val AUC 0.6281
  [seed 43] epoch 7/40  train loss 0.1851  val loss 21.1751  val AUC 0.6330
  [seed 43] epoch 8/40  train loss 0.1922  val loss 23.2503  val AUC 0.5745
  [seed 43] epoch 9/40  train loss 0.1393  val loss 24.8074  val AUC 0.6396
  [seed 43] epoch 10/40  train loss 0.1128  val loss 25.8836  val AUC 0.5431
  [seed 43] test loss 22.4566  test AUC 0.5553
  [seed 44] epoch 1/40  train loss 1.1351  val loss 6.7750  val AUC 0.7992
  [seed 44] epoch 2/40  train loss 0.8147  val loss 10.6444  val AUC 0.7224
  [seed 44] epoch 3/40  train loss 0.6973  val loss 14.0966  val AUC 0.6723
  [seed 44] epoch 4/40  train loss 0.3945  val loss 17.4896  val AUC 0.7114
  [seed 44] epoch 5/40  train loss 0.3200  val loss 19.8791  val AUC 0.6188
  [seed 44] epoch 6/40  train loss 0.2419  val loss 23.2929  val AUC 0.5776
  [seed 44] epoch 7/40  train loss 0.1884  val loss 25.1499  val AUC 0.5593
  [seed 44] epoch 8/40  train loss 0.2015  val loss 28.4465  val AUC 0.5602
  [seed 44] epoch 9/40  train loss 0.0916  val loss 29.4006  val AUC 0.5484
  [seed 44] test loss 14.0307  test AUC 0.5026

--- Floors (test set) ---
  base-rate (majority)   AUC 0.5000   n=2487
  persistence            AUC 0.5290   Brier 0.4057   n=2487
  -> floor to clear      AUC 0.5290   (oriented: a rule below 0.5 is inverted for free)

--- multistation[features/mean+mlp] ---
  per-seed AUC: ['0.5774', '0.5553', '0.5026']  mean 0.5451  spread 0.0748
  ENSEMBLE (mean of 3 seeds' probabilities)   AUC 0.5487   n=2487

--- multistation[features/mean+mlp] ensemble (fold 2/5, test set) ---
  n                    2487
  accuracy             0.6425
  balanced_accuracy    0.5292
  precision            0.6529
  recall               0.0853
  f1                   0.1509
  roc_auc              0.5487
  pr_auc               0.4588
  mcc                  0.1312
  brier                0.3005
  log_loss             1.0763
  brier_skill_score_vs_persistence 0.2594
  confusion_matrix:
    [1519, 42]
    [847, 79]

================================================================
fold 3/5
================================================================
  splits (chronological): train=7803 val=2487 test=2487
    train: positive rate 0.087
    val  : positive rate 0.372
    test : positive rate 0.760

  pos rate over time (equal-width blocks):
    2024-04-23 .. 2024-07-15  pos rate 0.167  n=2013  split~train
    2024-07-15 .. 2024-10-07  pos rate 0.000  n=2014  split~train
    2024-10-07 .. 2024-12-30  pos rate 0.000  n=2013  split~train
    2024-12-30 .. 2025-03-24  pos rate 0.000  n=2014  split~train
    2025-03-24 .. 2025-06-16  pos rate 0.335  n=2014  split~val
    2025-06-16 .. 2025-09-08  pos rate 0.509  n=2013  split~val
    2025-09-08 .. 2025-12-01  pos rate 0.774  n=2014  split~test
    2025-12-01 .. 2026-02-23  pos rate 0.313  n=2013  split~test
    2026-02-23 .. 2026-05-18  pos rate 0.334  n=2014  split~-
    2026-05-18 .. 2026-08-09  pos rate 0.000  n=2014  split~-

  [!] test pos rate (0.760) is 8.78x train's (0.087) -- likely a swarm or quiet period concentrated in one split rather than the model generalizing. Compare against the floors below (same skew), not against a nominal baseline.
    test coverage MANT  :  79.7% of hours
    test coverage DEMI  :  67.7% of hours
  [model] branch=mean head=mlp  78,375 parameter(s)
  [seed 42] epoch 1/40  train loss 0.8935  val loss 4.4183  val AUC 0.6888
  [seed 42] epoch 2/40  train loss 0.6770  val loss 3.9754  val AUC 0.7210
  [seed 42] epoch 3/40  train loss 0.5472  val loss 4.5935  val AUC 0.7012
  [seed 42] epoch 4/40  train loss 0.4831  val loss 5.9770  val AUC 0.6956
  [seed 42] epoch 5/40  train loss 0.3378  val loss 8.3606  val AUC 0.6107
  [seed 42] epoch 6/40  train loss 0.2980  val loss 8.1460  val AUC 0.6359
  [seed 42] epoch 7/40  train loss 0.2393  val loss 9.8587  val AUC 0.6315
  [seed 42] epoch 8/40  train loss 0.1779  val loss 11.5334  val AUC 0.6446
  [seed 42] epoch 9/40  train loss 0.1677  val loss 12.5627  val AUC 0.6563
  [seed 42] epoch 10/40  train loss 0.1491  val loss 13.6161  val AUC 0.6000
  [seed 42] test loss 27.5609  test AUC 0.5347
  [seed 43] epoch 1/40  train loss 0.8719  val loss 3.9575  val AUC 0.7135
  [seed 43] epoch 2/40  train loss 0.6848  val loss 3.7250  val AUC 0.7065
  [seed 43] epoch 3/40  train loss 0.5455  val loss 4.9477  val AUC 0.6719
  [seed 43] epoch 4/40  train loss 0.4699  val loss 5.8317  val AUC 0.6731
  [seed 43] epoch 5/40  train loss 0.3835  val loss 7.4710  val AUC 0.6624
  [seed 43] epoch 6/40  train loss 0.2700  val loss 8.8804  val AUC 0.6577
  [seed 43] epoch 7/40  train loss 0.2371  val loss 10.2023  val AUC 0.6329
  [seed 43] epoch 8/40  train loss 0.1785  val loss 9.7305  val AUC 0.6275
  [seed 43] epoch 9/40  train loss 0.1687  val loss 11.3139  val AUC 0.6406
  [seed 43] test loss 21.7323  test AUC 0.5330
  [seed 44] epoch 1/40  train loss 0.8776  val loss 3.1214  val AUC 0.7011
  [seed 44] epoch 2/40  train loss 0.6928  val loss 4.2000  val AUC 0.7040
  [seed 44] epoch 3/40  train loss 0.5348  val loss 5.8915  val AUC 0.6784
  [seed 44] epoch 4/40  train loss 0.4581  val loss 6.4637  val AUC 0.6984
  [seed 44] epoch 5/40  train loss 0.3910  val loss 8.3921  val AUC 0.6692
  [seed 44] epoch 6/40  train loss 0.2636  val loss 9.6393  val AUC 0.6509
  [seed 44] epoch 7/40  train loss 0.2449  val loss 10.6874  val AUC 0.6336
  [seed 44] epoch 8/40  train loss 0.2287  val loss 12.4523  val AUC 0.6336
  [seed 44] epoch 9/40  train loss 0.1702  val loss 11.8903  val AUC 0.6344
  [seed 44] epoch 10/40  train loss 0.1355  val loss 15.2449  val AUC 0.6298
  [seed 44] test loss 32.6142  test AUC 0.5352

--- Floors (test set) ---
  base-rate (majority)   AUC 0.5000   n=2487
  persistence            AUC 0.3834   Brier 0.4210   n=2487
  -> floor to clear      AUC 0.6166   (oriented: a rule below 0.5 is inverted for free)

--- multistation[features/mean+mlp] ---
  per-seed AUC: ['0.5347', '0.5330', '0.5352']  mean 0.5343  spread 0.0022
  ENSEMBLE (mean of 3 seeds' probabilities)   AUC 0.5303   n=2487

--- multistation[features/mean+mlp] ensemble (fold 3/5, test set) ---
  n                    2487
  accuracy             0.4081
  balanced_accuracy    0.5407
  precision            0.8154
  recall               0.2853
  f1                   0.4227
  roc_auc              0.5303
  pr_auc               0.8136
  mcc                  0.0787
  brier                0.5237
  log_loss             2.4439
  brier_skill_score_vs_persistence -0.2439
  confusion_matrix:
    [476, 122]
    [1350, 539]

================================================================
fold 4/5
================================================================
  splits (chronological): train=10290 val=2487 test=2487
    train: positive rate 0.156
    val  : positive rate 0.760
    test : positive rate 0.427

  pos rate over time (equal-width blocks):
    2024-04-23 .. 2024-07-15  pos rate 0.167  n=2013  split~train
    2024-07-15 .. 2024-10-07  pos rate 0.000  n=2014  split~train
    2024-10-07 .. 2024-12-30  pos rate 0.000  n=2013  split~train
    2024-12-30 .. 2025-03-24  pos rate 0.000  n=2014  split~train
    2025-03-24 .. 2025-06-16  pos rate 0.335  n=2014  split~train
    2025-06-16 .. 2025-09-08  pos rate 0.509  n=2013  split~train
    2025-09-08 .. 2025-12-01  pos rate 0.774  n=2014  split~val
    2025-12-01 .. 2026-02-23  pos rate 0.313  n=2013  split~test
    2026-02-23 .. 2026-05-18  pos rate 0.334  n=2014  split~test
    2026-05-18 .. 2026-08-09  pos rate 0.000  n=2014  split~-

  [!] test pos rate (0.427) is 2.74x train's (0.156) -- likely a swarm or quiet period concentrated in one split rather than the model generalizing. Compare against the floors below (same skew), not against a nominal baseline.
    test coverage MANT  :  59.9% of hours
    test coverage DEMI  :  79.7% of hours
  [model] branch=mean head=mlp  78,375 parameter(s)
  [seed 42] epoch 1/40  train loss 0.6951  val loss 12.0114  val AUC 0.5284
  [seed 42] epoch 2/40  train loss 0.4936  val loss 15.5839  val AUC 0.5216
  [seed 42] epoch 3/40  train loss 0.4103  val loss 17.4125  val AUC 0.5527
  [seed 42] epoch 4/40  train loss 0.3694  val loss 22.1380  val AUC 0.5484
  [seed 42] epoch 5/40  train loss 0.3155  val loss 24.5358  val AUC 0.5601
  [seed 42] epoch 6/40  train loss 0.3026  val loss 27.1757  val AUC 0.5539
  [seed 42] epoch 7/40  train loss 0.2510  val loss 25.4564  val AUC 0.5853
  [seed 42] epoch 8/40  train loss 0.2357  val loss 28.5690  val AUC 0.5527
  [seed 42] epoch 9/40  train loss 0.2304  val loss 27.9565  val AUC 0.5878
  [seed 42] epoch 10/40  train loss 0.1839  val loss 30.4971  val AUC 0.5512
  [seed 42] epoch 11/40  train loss 0.1768  val loss 35.1279  val AUC 0.5620
  [seed 42] epoch 12/40  train loss 0.1596  val loss 29.9655  val AUC 0.5751
  [seed 42] epoch 13/40  train loss 0.1301  val loss 38.2814  val AUC 0.5313
  [seed 42] epoch 14/40  train loss 0.1354  val loss 39.3702  val AUC 0.5433
  [seed 42] epoch 15/40  train loss 0.1235  val loss 39.0052  val AUC 0.5595
  [seed 42] epoch 16/40  train loss 0.1142  val loss 38.1730  val AUC 0.5595
  [seed 42] epoch 17/40  train loss 0.1122  val loss 41.5077  val AUC 0.5668
  [seed 42] test loss 23.2082  test AUC 0.5193
  [seed 43] epoch 1/40  train loss 0.6883  val loss 10.7056  val AUC 0.5568
  [seed 43] epoch 2/40  train loss 0.4927  val loss 15.3410  val AUC 0.5473
  [seed 43] epoch 3/40  train loss 0.4173  val loss 18.0923  val AUC 0.5628
  [seed 43] epoch 4/40  train loss 0.3405  val loss 21.4329  val AUC 0.5642
  [seed 43] epoch 5/40  train loss 0.3217  val loss 24.5045  val AUC 0.5805
  [seed 43] epoch 6/40  train loss 0.2814  val loss 25.4888  val AUC 0.5547
  [seed 43] epoch 7/40  train loss 0.2654  val loss 29.6407  val AUC 0.5379
  [seed 43] epoch 8/40  train loss 0.2334  val loss 29.4051  val AUC 0.5457
  [seed 43] epoch 9/40  train loss 0.2267  val loss 33.7436  val AUC 0.5490
  [seed 43] epoch 10/40  train loss 0.1938  val loss 36.5648  val AUC 0.5599
  [seed 43] epoch 11/40  train loss 0.1691  val loss 36.3938  val AUC 0.5592
  [seed 43] epoch 12/40  train loss 0.1471  val loss 39.4708  val AUC 0.5481
  [seed 43] epoch 13/40  train loss 0.1509  val loss 38.5340  val AUC 0.5687
  [seed 43] test loss 22.7342  test AUC 0.5295
  [seed 44] epoch 1/40  train loss 0.7011  val loss 12.0504  val AUC 0.4979
  [seed 44] epoch 2/40  train loss 0.5063  val loss 14.5902  val AUC 0.5295
  [seed 44] epoch 3/40  train loss 0.4218  val loss 20.6272  val AUC 0.5598
  [seed 44] epoch 4/40  train loss 0.3657  val loss 22.8130  val AUC 0.5724
  [seed 44] epoch 5/40  train loss 0.3292  val loss 24.8494  val AUC 0.5634
  [seed 44] epoch 6/40  train loss 0.2970  val loss 29.1787  val AUC 0.5410
  [seed 44] epoch 7/40  train loss 0.2520  val loss 33.9460  val AUC 0.5593
  [seed 44] epoch 8/40  train loss 0.2201  val loss 35.1446  val AUC 0.5682
  [seed 44] epoch 9/40  train loss 0.1990  val loss 34.5887  val AUC 0.5690
  [seed 44] epoch 10/40  train loss 0.1873  val loss 39.3393  val AUC 0.5473
  [seed 44] epoch 11/40  train loss 0.1751  val loss 41.6331  val AUC 0.5798
  [seed 44] epoch 12/40  train loss 0.1528  val loss 39.0957  val AUC 0.5632
  [seed 44] epoch 13/40  train loss 0.1323  val loss 43.1120  val AUC 0.5755
  [seed 44] epoch 14/40  train loss 0.1412  val loss 47.1992  val AUC 0.5548
  [seed 44] epoch 15/40  train loss 0.1126  val loss 47.9222  val AUC 0.5729
  [seed 44] epoch 16/40  train loss 0.1071  val loss 51.8969  val AUC 0.5369
  [seed 44] epoch 17/40  train loss 0.1050  val loss 52.2337  val AUC 0.5627
  [seed 44] epoch 18/40  train loss 0.0942  val loss 54.0754  val AUC 0.5582
  [seed 44] epoch 19/40  train loss 0.0888  val loss 58.6835  val AUC 0.5468
  [seed 44] test loss 28.2856  test AUC 0.5309

--- Floors (test set) ---
  base-rate (majority)   AUC 0.5000   n=2487
  persistence            AUC 0.2681   Brier 0.7000   n=2487
  -> floor to clear      AUC 0.7319   (oriented: a rule below 0.5 is inverted for free)

--- multistation[features/mean+mlp] ---
  per-seed AUC: ['0.5193', '0.5295', '0.5309']  mean 0.5266  spread 0.0115
  ENSEMBLE (mean of 3 seeds' probabilities)   AUC 0.5305   n=2487

--- multistation[features/mean+mlp] ensemble (fold 4/5, test set) ---
  n                    2487
  accuracy             0.5312
  balanced_accuracy    0.4683
  precision            0.2174
  recall               0.0377
  f1                   0.0642
  roc_auc              0.5305
  pr_auc               0.4133
  mcc                  -0.1198
  brier                0.4461
  log_loss             4.3090
  brier_skill_score_vs_persistence 0.3627
  confusion_matrix:
    [1281, 144]
    [1022, 40]

================================================================
fold 5/5
================================================================
  splits (chronological): train=12777 val=2487 test=2487
    train: positive rate 0.273
    val  : positive rate 0.427
    test : positive rate 0.000

  pos rate over time (equal-width blocks):
    2024-04-23 .. 2024-07-15  pos rate 0.167  n=2013  split~train
    2024-07-15 .. 2024-10-07  pos rate 0.000  n=2014  split~train
    2024-10-07 .. 2024-12-30  pos rate 0.000  n=2013  split~train
    2024-12-30 .. 2025-03-24  pos rate 0.000  n=2014  split~train
    2025-03-24 .. 2025-06-16  pos rate 0.335  n=2014  split~train
    2025-06-16 .. 2025-09-08  pos rate 0.509  n=2013  split~train
    2025-09-08 .. 2025-12-01  pos rate 0.774  n=2014  split~train
    2025-12-01 .. 2026-02-23  pos rate 0.313  n=2013  split~val
    2026-02-23 .. 2026-05-18  pos rate 0.334  n=2014  split~val
    2026-05-18 .. 2026-08-09  pos rate 0.000  n=2014  split~test

  [!] test pos rate (0.000) is 0.00x train's (0.273) -- likely a swarm or quiet period concentrated in one split rather than the model generalizing. Compare against the floors below (same skew), not against a nominal baseline.
    test coverage MANT  : 100.0% of hours
    test coverage DEMI  :  99.6% of hours
  [model] branch=mean head=mlp  78,375 parameter(s)
  [seed 42] epoch 1/40  train loss 0.6276  val loss 3.0821  val AUC 0.4582
  [seed 42] epoch 2/40  train loss 0.4288  val loss 3.2327  val AUC 0.4618
  [seed 42] epoch 3/40  train loss 0.3482  val loss 4.0580  val AUC 0.4663
  [seed 42] epoch 4/40  train loss 0.3172  val loss 5.8049  val AUC 0.4696
  [seed 42] epoch 5/40  train loss 0.2975  val loss 5.1994  val AUC 0.4739
  [seed 42] epoch 6/40  train loss 0.2621  val loss 5.3722  val AUC 0.4691
  [seed 42] epoch 7/40  train loss 0.2349  val loss 5.5612  val AUC 0.4785
  [seed 42] epoch 8/40  train loss 0.2281  val loss 6.3478  val AUC 0.4736
  [seed 42] epoch 9/40  train loss 0.2021  val loss 6.1180  val AUC 0.4694
  [seed 42] epoch 10/40  train loss 0.1940  val loss 6.3660  val AUC 0.4752
  [seed 42] epoch 11/40  train loss 0.1814  val loss 7.1984  val AUC 0.4570
  [seed 42] epoch 12/40  train loss 0.1654  val loss 7.7239  val AUC 0.4586
  [seed 42] epoch 13/40  train loss 0.1642  val loss 7.9445  val AUC 0.4448
  [seed 42] epoch 14/40  train loss 0.1512  val loss 8.7209  val AUC 0.4585
  [seed 42] epoch 15/40  train loss 0.1469  val loss 7.7760  val AUC 0.4559
  [seed 42] test loss 1.1341  test AUC nan
  [seed 43] epoch 1/40  train loss 0.6363  val loss 2.4594  val AUC 0.4737
  [seed 43] epoch 2/40  train loss 0.4265  val loss 4.0634  val AUC 0.4534
  [seed 43] epoch 3/40  train loss 0.3669  val loss 4.1860  val AUC 0.4699
  [seed 43] epoch 4/40  train loss 0.3033  val loss 4.7696  val AUC 0.4755
  [seed 43] epoch 5/40  train loss 0.2837  val loss 4.9369  val AUC 0.4881
  [seed 43] epoch 6/40  train loss 0.2572  val loss 5.7078  val AUC 0.4760
  [seed 43] epoch 7/40  train loss 0.2404  val loss 5.9937  val AUC 0.4752
  [seed 43] epoch 8/40  train loss 0.2157  val loss 5.6570  val AUC 0.4770
  [seed 43] epoch 9/40  train loss 0.2061  val loss 6.6169  val AUC 0.4584
  [seed 43] epoch 10/40  train loss 0.1938  val loss 7.6879  val AUC 0.4582
  [seed 43] epoch 11/40  train loss 0.1770  val loss 7.4042  val AUC 0.4598
  [seed 43] epoch 12/40  train loss 0.1723  val loss 7.4633  val AUC 0.4623
  [seed 43] epoch 13/40  train loss 0.1580  val loss 7.5165  val AUC 0.4530
  [seed 43] test loss 1.0505  test AUC nan
  [seed 44] epoch 1/40  train loss 0.6345  val loss 2.6253  val AUC 0.4416
  [seed 44] epoch 2/40  train loss 0.4336  val loss 3.8746  val AUC 0.4571
  [seed 44] epoch 3/40  train loss 0.3590  val loss 4.9781  val AUC 0.4584
  [seed 44] epoch 4/40  train loss 0.3067  val loss 4.8438  val AUC 0.4598
  [seed 44] epoch 5/40  train loss 0.2827  val loss 5.6535  val AUC 0.4502
  [seed 44] epoch 6/40  train loss 0.2576  val loss 5.6520  val AUC 0.4537
  [seed 44] epoch 7/40  train loss 0.2436  val loss 6.3542  val AUC 0.4315
  [seed 44] epoch 8/40  train loss 0.2186  val loss 6.8841  val AUC 0.4402
  [seed 44] epoch 9/40  train loss 0.2147  val loss 7.2415  val AUC 0.4368
  [seed 44] epoch 10/40  train loss 0.1926  val loss 6.9328  val AUC 0.4479
  [seed 44] epoch 11/40  train loss 0.1888  val loss 7.8755  val AUC 0.4240
  [seed 44] epoch 12/40  train loss 0.1617  val loss 8.2132  val AUC 0.4522
/home/oguzb/Projects/sismokaos/waveform_forecast/.venv/lib/python3.12/site-packages/sklearn/metrics/_classification.py:2939: UserWarning: y_pred contains classes not in y_true
  warnings.warn("y_pred contains classes not in y_true")
  [seed 44] test loss 0.8599  test AUC nan

--- Floors (test set) ---
  base-rate (majority)   AUC nan   n=2487
  persistence            AUC nan   Brier nan   n=2487
  -> floor to clear      AUC 0.5000   (oriented: a rule below 0.5 is inverted for free)

--- multistation[features/mean+mlp] ---
  per-seed AUC: ['nan', 'nan', 'nan']  mean nan  spread nan
  ENSEMBLE (mean of 3 seeds' probabilities)   AUC nan   n=2487

--- multistation[features/mean+mlp] ensemble (fold 5/5, test set) ---
  n                    2487
  accuracy             0.6751
  balanced_accuracy    0.6751
  precision            0.0000
  recall               0.0000
  f1                   0.0000
  roc_auc              nan
  pr_auc               nan
  mcc                  nan
  brier                nan
  log_loss             nan
  brier_skill_score_vs_persistence nan
  confusion_matrix:
    [1679, 808]
    [0, 0]

================================================================
Walk-forward CV summary (5/5 folds)
================================================================
  ensemble AUC per fold: ['0.8014', '0.5487', '0.5303', '0.5305', 'nan']
  ensemble AUC:  mean 0.6027  std 0.1149
  floor AUC:     mean 0.5760  std 0.0887
  beats its own fold's floor in 2/5 folds
  [!] fold spread exceeds the margin over the floor -- read the per-fold column,
      not the mean. This is the condition under which a pooled number misleads.
