  train zone: MANT+DEMI
      MANT    38.4908N  28.5579E
      DEMI    39.0428N  28.7162E
      30 qualifying event(s) inside the archive span, within 150 km of the nearest
          (106 in the catalogue overall; the earlier ones still set `days since previous`)
      rate label from 1,084 M>=3 event(s) in span; forward 14 d vs trailing 14 d
      positive rate 0.427 (1 = the next window holds more events than the last)
  test zone: MANT+DEMI
      MANT    38.4908N  28.5579E
      DEMI    39.0428N  28.7162E
      30 qualifying event(s) inside the archive span, within 150 km of the nearest
          (106 in the catalogue overall; the earlier ones still set `days since previous`)
      rate label from 1,084 M>=3 event(s) in span; forward 14 d vs trailing 14 d
      positive rate 0.427 (1 = the next window holds more events than the last)

  20,136 hourly rows, 2 station(s), 2 feature(s) each
  hourly positive rate: train zone 0.427
    MANT   present  88.0% of hours
    DEMI   present  64.0% of hours
    all stations: any  98.4%   all  53.6%
  19,809 usable train window(s) of 20,113
  device cuda, seeds [42, 43, 44], arm=features, mode=rate, embargo 359h

================================================================
fold 1/5
================================================================
  splits (chronological): train=2829 val=2471 test=2471
    train: positive rate 0.479
    val  : positive rate 0.448
    test : positive rate 0.479

  pos rate over time (equal-width blocks):
    2024-04-23 .. 2024-07-15  pos rate 0.492  n=2013  split~train
    2024-07-15 .. 2024-10-07  pos rate 0.395  n=2014  split~train
    2024-10-07 .. 2024-12-30  pos rate 0.537  n=2013  split~val
    2024-12-30 .. 2025-03-24  pos rate 0.263  n=2014  split~test
    2025-03-24 .. 2025-06-16  pos rate 0.634  n=2014  split~test
    2025-06-16 .. 2025-09-08  pos rate 0.451  n=2013  split~-
    2025-09-08 .. 2025-12-01  pos rate 0.370  n=2014  split~-
    2025-12-01 .. 2026-02-23  pos rate 0.407  n=2013  split~-
    2026-02-23 .. 2026-05-18  pos rate 0.275  n=2014  split~-
    2026-05-18 .. 2026-08-09  pos rate 0.448  n=2014  split~-
    test coverage MANT  : 100.0% of hours
    test coverage DEMI  :  42.2% of hours
    [stats] 1 station(s) absent for the whole training split; standardized with the identity, and masked out at every hour anyway
          [!] with a held-out zone, a station absent here is NOT masked at test time --
              it will be fed raw while the training stations were z-scored. Choose a train
              window that overlaps the test stations' archive.
  [seed 42] epoch 1/40  train loss 0.6968  val loss 0.9990  val AUC 0.4808
  [seed 42] epoch 2/40  train loss 0.6461  val loss 1.1916  val AUC 0.5212
  [seed 42] epoch 3/40  train loss 0.6447  val loss 1.2883  val AUC 0.5183
  [seed 42] epoch 4/40  train loss 0.6389  val loss 1.3359  val AUC 0.5249
  [seed 42] epoch 5/40  train loss 0.6371  val loss 1.2876  val AUC 0.5132
  [seed 42] epoch 6/40  train loss 0.6376  val loss 1.3046  val AUC 0.5271
  [seed 42] epoch 7/40  train loss 0.6296  val loss 1.3020  val AUC 0.5273
  [seed 42] epoch 8/40  train loss 0.6311  val loss 1.2769  val AUC 0.5297
  [seed 42] epoch 9/40  train loss 0.6291  val loss 1.3039  val AUC 0.5325
  [seed 42] epoch 10/40  train loss 0.6233  val loss 1.3172  val AUC 0.5342
  [seed 42] epoch 11/40  train loss 0.6212  val loss 1.2732  val AUC 0.5350
  [seed 42] epoch 12/40  train loss 0.6263  val loss 1.2883  val AUC 0.5411
  [seed 42] epoch 13/40  train loss 0.6269  val loss 1.3031  val AUC 0.5395
  [seed 42] epoch 14/40  train loss 0.6263  val loss 1.2851  val AUC 0.5402
  [seed 42] epoch 15/40  train loss 0.6260  val loss 1.2821  val AUC 0.5412
  [seed 42] epoch 16/40  train loss 0.6271  val loss 1.2652  val AUC 0.5384
  [seed 42] epoch 17/40  train loss 0.6254  val loss 1.2755  val AUC 0.5453
  [seed 42] epoch 18/40  train loss 0.6238  val loss 1.2939  val AUC 0.5489
  [seed 42] epoch 19/40  train loss 0.6234  val loss 1.3120  val AUC 0.5541
  [seed 42] epoch 20/40  train loss 0.6181  val loss 1.2704  val AUC 0.5540
  [seed 42] epoch 21/40  train loss 0.6187  val loss 1.3254  val AUC 0.5599
  [seed 42] epoch 22/40  train loss 0.6197  val loss 1.2683  val AUC 0.5567
  [seed 42] epoch 23/40  train loss 0.6211  val loss 1.2625  val AUC 0.5638
  [seed 42] epoch 24/40  train loss 0.6186  val loss 1.2507  val AUC 0.5646
  [seed 42] epoch 25/40  train loss 0.6230  val loss 1.2369  val AUC 0.5632
  [seed 42] epoch 26/40  train loss 0.6157  val loss 1.2860  val AUC 0.5716
  [seed 42] epoch 27/40  train loss 0.6120  val loss 1.2646  val AUC 0.5725
  [seed 42] epoch 28/40  train loss 0.6147  val loss 1.2357  val AUC 0.5730
  [seed 42] epoch 29/40  train loss 0.6115  val loss 1.2360  val AUC 0.5734
  [seed 42] epoch 30/40  train loss 0.6170  val loss 1.2355  val AUC 0.5737
  [seed 42] epoch 31/40  train loss 0.6105  val loss 1.2347  val AUC 0.5747
  [seed 42] epoch 32/40  train loss 0.6197  val loss 1.2387  val AUC 0.5756
  [seed 42] epoch 33/40  train loss 0.6117  val loss 1.2366  val AUC 0.5759
  [seed 42] epoch 34/40  train loss 0.6138  val loss 1.2352  val AUC 0.5760
  [seed 42] epoch 35/40  train loss 0.6110  val loss 1.2400  val AUC 0.5766
  [seed 42] epoch 36/40  train loss 0.6073  val loss 1.2417  val AUC 0.5769
  [seed 42] epoch 37/40  train loss 0.6187  val loss 1.2404  val AUC 0.5768
  [seed 42] epoch 38/40  train loss 0.6129  val loss 1.2412  val AUC 0.5770
  [seed 42] epoch 39/40  train loss 0.6112  val loss 1.2422  val AUC 0.5771
  [seed 42] epoch 40/40  train loss 0.6101  val loss 1.2424  val AUC 0.5771
  [seed 42] test loss 1.5275  test AUC 0.2944
  [seed 43] epoch 1/40  train loss 0.7285  val loss 0.7218  val AUC 0.5752
  [seed 43] epoch 2/40  train loss 0.7216  val loss 0.7179  val AUC 0.5742
  [seed 43] epoch 3/40  train loss 0.7203  val loss 0.7199  val AUC 0.5707
  [seed 43] epoch 4/40  train loss 0.7183  val loss 0.7195  val AUC 0.5675
  [seed 43] epoch 5/40  train loss 0.7152  val loss 0.7201  val AUC 0.5755
  [seed 43] epoch 6/40  train loss 0.7152  val loss 0.7241  val AUC 0.4636
  [seed 43] epoch 7/40  train loss 0.7158  val loss 0.7210  val AUC 0.5713
  [seed 43] epoch 8/40  train loss 0.7150  val loss 0.7234  val AUC 0.6283
  [seed 43] epoch 9/40  train loss 0.7144  val loss 0.7233  val AUC 0.6132
  [seed 43] epoch 10/40  train loss 0.7124  val loss 0.7251  val AUC 0.5503
  [seed 43] epoch 11/40  train loss 0.7162  val loss 0.7224  val AUC 0.5638
  [seed 43] epoch 12/40  train loss 0.7150  val loss 0.7226  val AUC 0.5249
  [seed 43] epoch 13/40  train loss 0.7111  val loss 0.7253  val AUC 0.4457
  [seed 43] epoch 14/40  train loss 0.7133  val loss 0.7240  val AUC 0.6175
  [seed 43] epoch 15/40  train loss 0.7128  val loss 0.7249  val AUC 0.4512
  [seed 43] epoch 16/40  train loss 0.7134  val loss 0.7261  val AUC 0.5879
  [seed 43] test loss 0.7318  test AUC 0.5885
  [seed 44] epoch 1/40  train loss 0.7227  val loss 0.7540  val AUC 0.4692
  [seed 44] epoch 2/40  train loss 0.7007  val loss 0.8599  val AUC 0.4940
  [seed 44] epoch 3/40  train loss 0.6778  val loss 0.9600  val AUC 0.5136
  [seed 44] epoch 4/40  train loss 0.6655  val loss 1.0184  val AUC 0.5002
  [seed 44] epoch 5/40  train loss 0.6581  val loss 1.1106  val AUC 0.4973
  [seed 44] epoch 6/40  train loss 0.6512  val loss 1.1716  val AUC 0.4951
  [seed 44] epoch 7/40  train loss 0.6464  val loss 1.2020  val AUC 0.4948
  [seed 44] epoch 8/40  train loss 0.6562  val loss 1.2047  val AUC 0.4763
  [seed 44] epoch 9/40  train loss 0.6403  val loss 1.2738  val AUC 0.4878
  [seed 44] epoch 10/40  train loss 0.6441  val loss 1.3065  val AUC 0.4791
  [seed 44] epoch 11/40  train loss 0.6468  val loss 1.3155  val AUC 0.4821
  [seed 44] test loss 1.2166  test AUC 0.2596

--- Floors (test set) ---
  base-rate (majority)   AUC 0.5000   n=2471
  persistence            AUC 0.5137   Brier 0.4715   n=2471
  -> floor to clear      AUC 0.5137   (oriented: a rule below 0.5 is inverted for free)

--- multistation[features] ---
  per-seed AUC: ['0.2944', '0.5885', '0.2596']  mean 0.3808  spread 0.3289
  ENSEMBLE (mean of 3 seeds' probabilities)   AUC 0.3125   n=2471

--- multistation[features] ensemble (fold 1/5, test set) ---
  n                    2471
  accuracy             0.3460
  balanced_accuracy    0.3411
  precision            0.2766
  recall               0.2265
  f1                   0.2491
  roc_auc              0.3125
  pr_auc               0.4052
  mcc                  -0.3251
  brier                0.3514
  log_loss             0.9276
  brier_skill_score_vs_persistence 0.2547
  confusion_matrix:
    [587, 701]
    [915, 268]

================================================================
fold 2/5
================================================================
  splits (chronological): train=5300 val=2471 test=2471
    train: positive rate 0.464
    val  : positive rate 0.479
    test : positive rate 0.591

  pos rate over time (equal-width blocks):
    2024-04-23 .. 2024-07-15  pos rate 0.492  n=2013  split~train
    2024-07-15 .. 2024-10-07  pos rate 0.395  n=2014  split~train
    2024-10-07 .. 2024-12-30  pos rate 0.537  n=2013  split~train
    2024-12-30 .. 2025-03-24  pos rate 0.263  n=2014  split~val
    2025-03-24 .. 2025-06-16  pos rate 0.634  n=2014  split~test
    2025-06-16 .. 2025-09-08  pos rate 0.451  n=2013  split~test
    2025-09-08 .. 2025-12-01  pos rate 0.370  n=2014  split~-
    2025-12-01 .. 2026-02-23  pos rate 0.407  n=2013  split~-
    2026-02-23 .. 2026-05-18  pos rate 0.275  n=2014  split~-
    2026-05-18 .. 2026-08-09  pos rate 0.448  n=2014  split~-
    test coverage MANT  :  85.2% of hours
    test coverage DEMI  : 100.0% of hours
  [seed 42] epoch 1/40  train loss 0.6901  val loss 0.8874  val AUC 0.4375
  [seed 42] epoch 2/40  train loss 0.6757  val loss 0.8380  val AUC 0.4403
  [seed 42] epoch 3/40  train loss 0.6689  val loss 0.8517  val AUC 0.4445
  [seed 42] epoch 4/40  train loss 0.6651  val loss 0.8806  val AUC 0.4464
  [seed 42] epoch 5/40  train loss 0.6625  val loss 0.8541  val AUC 0.4497
  [seed 42] epoch 6/40  train loss 0.6578  val loss 0.8600  val AUC 0.4810
  [seed 42] epoch 7/40  train loss 0.6606  val loss 0.8329  val AUC 0.5178
  [seed 42] epoch 8/40  train loss 0.6541  val loss 0.8693  val AUC 0.5120
  [seed 42] epoch 9/40  train loss 0.6593  val loss 0.8352  val AUC 0.5204
  [seed 42] epoch 10/40  train loss 0.6533  val loss 0.8514  val AUC 0.5143
  [seed 42] epoch 11/40  train loss 0.6509  val loss 0.8550  val AUC 0.5210
  [seed 42] epoch 12/40  train loss 0.6480  val loss 0.8406  val AUC 0.5260
  [seed 42] epoch 13/40  train loss 0.6429  val loss 0.8364  val AUC 0.5334
  [seed 42] epoch 14/40  train loss 0.6503  val loss 0.8346  val AUC 0.5251
  [seed 42] epoch 15/40  train loss 0.6498  val loss 0.8566  val AUC 0.5221
  [seed 42] epoch 16/40  train loss 0.6427  val loss 0.8576  val AUC 0.5294
  [seed 42] epoch 17/40  train loss 0.6462  val loss 0.8487  val AUC 0.5249
  [seed 42] epoch 18/40  train loss 0.6451  val loss 0.8141  val AUC 0.5308
  [seed 42] epoch 19/40  train loss 0.6486  val loss 0.8187  val AUC 0.5391
  [seed 42] epoch 20/40  train loss 0.6405  val loss 0.8622  val AUC 0.5206
  [seed 42] epoch 21/40  train loss 0.6478  val loss 0.8257  val AUC 0.5333
  [seed 42] epoch 22/40  train loss 0.6395  val loss 0.8329  val AUC 0.5346
  [seed 42] epoch 23/40  train loss 0.6430  val loss 0.8345  val AUC 0.5303
  [seed 42] epoch 24/40  train loss 0.6428  val loss 0.8242  val AUC 0.5384
  [seed 42] epoch 25/40  train loss 0.6412  val loss 0.8281  val AUC 0.5364
  [seed 42] epoch 26/40  train loss 0.6413  val loss 0.8509  val AUC 0.5271
  [seed 42] epoch 27/40  train loss 0.6437  val loss 0.8425  val AUC 0.5370
  [seed 42] test loss 0.9620  test AUC 0.5488
  [seed 43] epoch 1/40  train loss 0.7445  val loss 0.7460  val AUC 0.4857
  [seed 43] epoch 2/40  train loss 0.7430  val loss 0.7449  val AUC 0.4720
  [seed 43] epoch 3/40  train loss 0.7413  val loss 0.7472  val AUC 0.4632
  [seed 43] epoch 4/40  train loss 0.7386  val loss 0.7511  val AUC 0.4407
  [seed 43] epoch 5/40  train loss 0.7380  val loss 0.7531  val AUC 0.4469
  [seed 43] epoch 6/40  train loss 0.7387  val loss 0.7549  val AUC 0.5081
  [seed 43] epoch 7/40  train loss 0.7372  val loss 0.7566  val AUC 0.4466
  [seed 43] epoch 8/40  train loss 0.7380  val loss 0.7579  val AUC 0.4414
  [seed 43] epoch 9/40  train loss 0.7378  val loss 0.7609  val AUC 0.4398
  [seed 43] epoch 10/40  train loss 0.7374  val loss 0.7597  val AUC 0.4309
  [seed 43] epoch 11/40  train loss 0.7368  val loss 0.7607  val AUC 0.4385
  [seed 43] epoch 12/40  train loss 0.7364  val loss 0.7627  val AUC 0.4359
  [seed 43] epoch 13/40  train loss 0.7353  val loss 0.7621  val AUC 0.4408
  [seed 43] epoch 14/40  train loss 0.7327  val loss 0.7668  val AUC 0.4430
  [seed 43] test loss 0.7557  test AUC 0.3962
  [seed 44] epoch 1/40  train loss 0.7197  val loss 0.8390  val AUC 0.3942
  [seed 44] epoch 2/40  train loss 0.6904  val loss 0.8561  val AUC 0.4102
  [seed 44] epoch 3/40  train loss 0.6799  val loss 0.8333  val AUC 0.4349
  [seed 44] epoch 4/40  train loss 0.6809  val loss 0.8481  val AUC 0.4448
  [seed 44] epoch 5/40  train loss 0.6778  val loss 0.8295  val AUC 0.4464
  [seed 44] epoch 6/40  train loss 0.6715  val loss 0.8595  val AUC 0.4493
  [seed 44] epoch 7/40  train loss 0.6682  val loss 0.8720  val AUC 0.4605
  [seed 44] epoch 8/40  train loss 0.6751  val loss 0.8291  val AUC 0.4719
  [seed 44] epoch 9/40  train loss 0.6684  val loss 0.8443  val AUC 0.4764
  [seed 44] epoch 10/40  train loss 0.6617  val loss 0.8204  val AUC 0.4821
  [seed 44] epoch 11/40  train loss 0.6647  val loss 0.8211  val AUC 0.4780
  [seed 44] epoch 12/40  train loss 0.6663  val loss 0.8203  val AUC 0.4745
  [seed 44] epoch 13/40  train loss 0.6662  val loss 0.8296  val AUC 0.4757
  [seed 44] epoch 14/40  train loss 0.6628  val loss 0.8369  val AUC 0.4841
  [seed 44] epoch 15/40  train loss 0.6618  val loss 0.8237  val AUC 0.4805
  [seed 44] epoch 16/40  train loss 0.6563  val loss 0.8418  val AUC 0.4774
  [seed 44] epoch 17/40  train loss 0.6567  val loss 0.8473  val AUC 0.4824
  [seed 44] epoch 18/40  train loss 0.6596  val loss 0.8297  val AUC 0.4743
  [seed 44] epoch 19/40  train loss 0.6608  val loss 0.8372  val AUC 0.4794
  [seed 44] epoch 20/40  train loss 0.6560  val loss 0.8338  val AUC 0.4844
  [seed 44] epoch 21/40  train loss 0.6580  val loss 0.8441  val AUC 0.4849
  [seed 44] epoch 22/40  train loss 0.6539  val loss 0.8341  val AUC 0.4832
  [seed 44] epoch 23/40  train loss 0.6612  val loss 0.8204  val AUC 0.4788
  [seed 44] epoch 24/40  train loss 0.6571  val loss 0.8382  val AUC 0.4836
  [seed 44] epoch 25/40  train loss 0.6536  val loss 0.8447  val AUC 0.4870
  [seed 44] epoch 26/40  train loss 0.6573  val loss 0.8485  val AUC 0.4871
  [seed 44] epoch 27/40  train loss 0.6591  val loss 0.8294  val AUC 0.4853
  [seed 44] epoch 28/40  train loss 0.6561  val loss 0.8291  val AUC 0.4861
  [seed 44] epoch 29/40  train loss 0.6577  val loss 0.8356  val AUC 0.4850
  [seed 44] epoch 30/40  train loss 0.6554  val loss 0.8397  val AUC 0.4855
  [seed 44] epoch 31/40  train loss 0.6572  val loss 0.8362  val AUC 0.4841
  [seed 44] epoch 32/40  train loss 0.6583  val loss 0.8349  val AUC 0.4837
  [seed 44] epoch 33/40  train loss 0.6529  val loss 0.8429  val AUC 0.4837
  [seed 44] epoch 34/40  train loss 0.6561  val loss 0.8377  val AUC 0.4847
  [seed 44] test loss 1.0122  test AUC 0.5376

--- Floors (test set) ---
  base-rate (majority)   AUC 0.5000   n=2471
  persistence            AUC 0.8416   Brier 0.5743   n=2471
  -> floor to clear      AUC 0.8416   (oriented: a rule below 0.5 is inverted for free)

--- multistation[features] ---
  per-seed AUC: ['0.5488', '0.3962', '0.5376']  mean 0.4942  spread 0.1526
  ENSEMBLE (mean of 3 seeds' probabilities)   AUC 0.5384   n=2471

--- multistation[features] ensemble (fold 2/5, test set) ---
  n                    2471
  accuracy             0.4792
  balanced_accuracy    0.5074
  precision            0.6012
  recall               0.3521
  f1                   0.4441
  roc_auc              0.5384
  pr_auc               0.6148
  mcc                  0.0153
  brier                0.2797
  log_loss             0.7598
  brier_skill_score_vs_persistence 0.5130
  confusion_matrix:
    [670, 341]
    [946, 514]

================================================================
fold 3/5
================================================================
  splits (chronological): train=7771 val=2471 test=2471
    train: positive rate 0.469
    val  : positive rate 0.591
    test : positive rate 0.392

  pos rate over time (equal-width blocks):
    2024-04-23 .. 2024-07-15  pos rate 0.492  n=2013  split~train
    2024-07-15 .. 2024-10-07  pos rate 0.395  n=2014  split~train
    2024-10-07 .. 2024-12-30  pos rate 0.537  n=2013  split~train
    2024-12-30 .. 2025-03-24  pos rate 0.263  n=2014  split~train
    2025-03-24 .. 2025-06-16  pos rate 0.634  n=2014  split~val
    2025-06-16 .. 2025-09-08  pos rate 0.451  n=2013  split~val
    2025-09-08 .. 2025-12-01  pos rate 0.370  n=2014  split~test
    2025-12-01 .. 2026-02-23  pos rate 0.407  n=2013  split~test
    2026-02-23 .. 2026-05-18  pos rate 0.275  n=2014  split~-
    2026-05-18 .. 2026-08-09  pos rate 0.448  n=2014  split~-
    test coverage MANT  :  79.6% of hours
    test coverage DEMI  :  68.2% of hours
  [seed 42] epoch 1/40  train loss 0.7100  val loss 0.8294  val AUC 0.5652
  [seed 42] epoch 2/40  train loss 0.6970  val loss 0.8793  val AUC 0.5619
  [seed 42] epoch 3/40  train loss 0.6936  val loss 0.8890  val AUC 0.5579
  [seed 42] epoch 4/40  train loss 0.6919  val loss 0.8398  val AUC 0.5384
  [seed 42] epoch 5/40  train loss 0.6847  val loss 0.8308  val AUC 0.5265
  [seed 42] epoch 6/40  train loss 0.6822  val loss 0.8598  val AUC 0.5338
  [seed 42] epoch 7/40  train loss 0.6802  val loss 0.8574  val AUC 0.5225
  [seed 42] epoch 8/40  train loss 0.6803  val loss 0.8975  val AUC 0.5206
  [seed 42] epoch 9/40  train loss 0.6798  val loss 0.9054  val AUC 0.5266
  [seed 42] test loss 0.9210  test AUC 0.4172
  [seed 43] epoch 1/40  train loss 0.7386  val loss 0.7537  val AUC 0.4840
  [seed 43] epoch 2/40  train loss 0.7378  val loss 0.7359  val AUC 0.4853
  [seed 43] epoch 3/40  train loss 0.7359  val loss 0.7536  val AUC 0.4839
  [seed 43] epoch 4/40  train loss 0.7349  val loss 0.7507  val AUC 0.4815
  [seed 43] epoch 5/40  train loss 0.7342  val loss 0.7632  val AUC 0.4787
  [seed 43] epoch 6/40  train loss 0.7328  val loss 0.7536  val AUC 0.4549
  [seed 43] epoch 7/40  train loss 0.7327  val loss 0.7566  val AUC 0.4749
  [seed 43] epoch 8/40  train loss 0.7310  val loss 0.7637  val AUC 0.4775
  [seed 43] epoch 9/40  train loss 0.7288  val loss 0.7839  val AUC 0.4608
  [seed 43] epoch 10/40  train loss 0.7256  val loss 0.7988  val AUC 0.4501
  [seed 43] test loss 0.7498  test AUC 0.3613
  [seed 44] epoch 1/40  train loss 0.7231  val loss 0.8370  val AUC 0.5542
  [seed 44] epoch 2/40  train loss 0.7034  val loss 0.8638  val AUC 0.5473
  [seed 44] epoch 3/40  train loss 0.6971  val loss 0.8953  val AUC 0.5311
  [seed 44] epoch 4/40  train loss 0.6902  val loss 0.8485  val AUC 0.5152
  [seed 44] epoch 5/40  train loss 0.6894  val loss 0.9842  val AUC 0.5209
  [seed 44] epoch 6/40  train loss 0.6891  val loss 0.8767  val AUC 0.5331
  [seed 44] epoch 7/40  train loss 0.6862  val loss 0.9470  val AUC 0.5263
  [seed 44] epoch 8/40  train loss 0.6852  val loss 0.8738  val AUC 0.5348
  [seed 44] epoch 9/40  train loss 0.6829  val loss 0.9543  val AUC 0.5291
  [seed 44] test loss 0.8603  test AUC 0.4498

--- Floors (test set) ---
  base-rate (majority)   AUC 0.5000   n=2471
  persistence            AUC 0.8707   Brier 0.3921   n=2471
  -> floor to clear      AUC 0.8707   (oriented: a rule below 0.5 is inverted for free)

--- multistation[features] ---
  per-seed AUC: ['0.4172', '0.3613', '0.4498']  mean 0.4094  spread 0.0885
  ENSEMBLE (mean of 3 seeds' probabilities)   AUC 0.4346   n=2471

--- multistation[features] ensemble (fold 3/5, test set) ---
  n                    2471
  accuracy             0.5601
  balanced_accuracy    0.4882
  precision            0.3589
  recall               0.1548
  f1                   0.2163
  roc_auc              0.4346
  pr_auc               0.3570
  mcc                  -0.0308
  brier                0.2623
  log_loss             0.7228
  brier_skill_score_vs_persistence 0.3312
  confusion_matrix:
    [1234, 268]
    [819, 150]

================================================================
fold 4/5
================================================================
  splits (chronological): train=10242 val=2471 test=2471
    train: positive rate 0.498
    val  : positive rate 0.392
    test : positive rate 0.427

  pos rate over time (equal-width blocks):
    2024-04-23 .. 2024-07-15  pos rate 0.492  n=2013  split~train
    2024-07-15 .. 2024-10-07  pos rate 0.395  n=2014  split~train
    2024-10-07 .. 2024-12-30  pos rate 0.537  n=2013  split~train
    2024-12-30 .. 2025-03-24  pos rate 0.263  n=2014  split~train
    2025-03-24 .. 2025-06-16  pos rate 0.634  n=2014  split~train
    2025-06-16 .. 2025-09-08  pos rate 0.451  n=2013  split~train
    2025-09-08 .. 2025-12-01  pos rate 0.370  n=2014  split~val
    2025-12-01 .. 2026-02-23  pos rate 0.407  n=2013  split~test
    2026-02-23 .. 2026-05-18  pos rate 0.275  n=2014  split~test
    2026-05-18 .. 2026-08-09  pos rate 0.448  n=2014  split~-
    test coverage MANT  :  60.3% of hours
    test coverage DEMI  :  79.6% of hours
  [seed 42] epoch 1/40  train loss 0.6764  val loss 0.7404  val AUC 0.4791
  [seed 42] epoch 2/40  train loss 0.6668  val loss 0.7404  val AUC 0.4616
  [seed 42] epoch 3/40  train loss 0.6633  val loss 0.7459  val AUC 0.4278
  [seed 42] epoch 4/40  train loss 0.6603  val loss 0.7576  val AUC 0.4146
  [seed 42] epoch 5/40  train loss 0.6590  val loss 0.7748  val AUC 0.3917
  [seed 42] epoch 6/40  train loss 0.6557  val loss 0.8403  val AUC 0.4485
  [seed 42] epoch 7/40  train loss 0.6548  val loss 0.9003  val AUC 0.3816
  [seed 42] epoch 8/40  train loss 0.6524  val loss 0.9172  val AUC 0.3806
  [seed 42] epoch 9/40  train loss 0.6511  val loss 0.9634  val AUC 0.3726
  [seed 42] test loss 0.7317  test AUC 0.5039
  [seed 43] epoch 1/40  train loss 0.6973  val loss 0.7067  val AUC 0.3668
  [seed 43] epoch 2/40  train loss 0.6962  val loss 0.7035  val AUC 0.3643
  [seed 43] epoch 3/40  train loss 0.6960  val loss 0.7034  val AUC 0.3746
  [seed 43] epoch 4/40  train loss 0.6955  val loss 0.7082  val AUC 0.3666
  [seed 43] epoch 5/40  train loss 0.6958  val loss 0.7140  val AUC 0.3628
  [seed 43] epoch 6/40  train loss 0.6946  val loss 0.7208  val AUC 0.3629
  [seed 43] epoch 7/40  train loss 0.6935  val loss 0.7234  val AUC 0.3697
  [seed 43] epoch 8/40  train loss 0.6926  val loss 0.7071  val AUC 0.4632
  [seed 43] epoch 9/40  train loss 0.6904  val loss 0.7171  val AUC 0.4807
  [seed 43] epoch 10/40  train loss 0.6889  val loss 0.7299  val AUC 0.4120
  [seed 43] epoch 11/40  train loss 0.6885  val loss 0.7314  val AUC 0.4763
  [seed 43] epoch 12/40  train loss 0.6877  val loss 0.7218  val AUC 0.4366
  [seed 43] epoch 13/40  train loss 0.6872  val loss 0.7320  val AUC 0.3719
  [seed 43] epoch 14/40  train loss 0.6860  val loss 0.7170  val AUC 0.4598
  [seed 43] epoch 15/40  train loss 0.6867  val loss 0.7252  val AUC 0.4722
  [seed 43] epoch 16/40  train loss 0.6855  val loss 0.7236  val AUC 0.4733
  [seed 43] epoch 17/40  train loss 0.6851  val loss 0.7220  val AUC 0.4955
  [seed 43] epoch 18/40  train loss 0.6861  val loss 0.7157  val AUC 0.4762
  [seed 43] epoch 19/40  train loss 0.6862  val loss 0.7143  val AUC 0.5112
  [seed 43] epoch 20/40  train loss 0.6853  val loss 0.7264  val AUC 0.4661
  [seed 43] epoch 21/40  train loss 0.6854  val loss 0.7313  val AUC 0.3560
  [seed 43] epoch 22/40  train loss 0.6848  val loss 0.7215  val AUC 0.4979
  [seed 43] epoch 23/40  train loss 0.6845  val loss 0.7301  val AUC 0.3975
  [seed 43] epoch 24/40  train loss 0.6846  val loss 0.7139  val AUC 0.4751
  [seed 43] epoch 25/40  train loss 0.6854  val loss 0.7199  val AUC 0.4784
  [seed 43] epoch 26/40  train loss 0.6846  val loss 0.7409  val AUC 0.3897
  [seed 43] epoch 27/40  train loss 0.6847  val loss 0.7243  val AUC 0.4412
  [seed 43] test loss 0.7542  test AUC 0.5470
  [seed 44] epoch 1/40  train loss 0.6842  val loss 0.7113  val AUC 0.5052
  [seed 44] epoch 2/40  train loss 0.6735  val loss 0.7244  val AUC 0.4741
  [seed 44] epoch 3/40  train loss 0.6667  val loss 0.7200  val AUC 0.4536
  [seed 44] epoch 4/40  train loss 0.6651  val loss 0.7468  val AUC 0.4247
  [seed 44] epoch 5/40  train loss 0.6641  val loss 0.7425  val AUC 0.4245
  [seed 44] epoch 6/40  train loss 0.6641  val loss 0.7704  val AUC 0.3936
  [seed 44] epoch 7/40  train loss 0.6618  val loss 0.7420  val AUC 0.4104
  [seed 44] epoch 8/40  train loss 0.6618  val loss 0.7954  val AUC 0.3937
  [seed 44] epoch 9/40  train loss 0.6575  val loss 0.7942  val AUC 0.3756
  [seed 44] test loss 0.6902  test AUC 0.5742

--- Floors (test set) ---
  base-rate (majority)   AUC 0.5000   n=2471
  persistence            AUC 0.7375   Brier 0.4270   n=2471
  -> floor to clear      AUC 0.7375   (oriented: a rule below 0.5 is inverted for free)

--- multistation[features] ---
  per-seed AUC: ['0.5039', '0.5470', '0.5742']  mean 0.5417  spread 0.0703
  ENSEMBLE (mean of 3 seeds' probabilities)   AUC 0.5450   n=2471

--- multistation[features] ensemble (fold 4/5, test set) ---
  n                    2471
  accuracy             0.4686
  balanced_accuracy    0.5063
  precision            0.4310
  recall               0.7640
  f1                   0.5511
  roc_auc              0.5450
  pr_auc               0.4878
  mcc                  0.0145
  brier                0.2550
  log_loss             0.7031
  brier_skill_score_vs_persistence 0.4027
  confusion_matrix:
    [352, 1064]
    [249, 806]

================================================================
fold 5/5
================================================================
  splits (chronological): train=12713 val=2471 test=2471
    train: positive rate 0.478
    val  : positive rate 0.427
    test : positive rate 0.392

  pos rate over time (equal-width blocks):
    2024-04-23 .. 2024-07-15  pos rate 0.492  n=2013  split~train
    2024-07-15 .. 2024-10-07  pos rate 0.395  n=2014  split~train
    2024-10-07 .. 2024-12-30  pos rate 0.537  n=2013  split~train
    2024-12-30 .. 2025-03-24  pos rate 0.263  n=2014  split~train
    2025-03-24 .. 2025-06-16  pos rate 0.634  n=2014  split~train
    2025-06-16 .. 2025-09-08  pos rate 0.451  n=2013  split~train
    2025-09-08 .. 2025-12-01  pos rate 0.370  n=2014  split~train
    2025-12-01 .. 2026-02-23  pos rate 0.407  n=2013  split~val
    2026-02-23 .. 2026-05-18  pos rate 0.275  n=2014  split~val
    2026-05-18 .. 2026-08-09  pos rate 0.448  n=2014  split~test
    test coverage MANT  : 100.0% of hours
    test coverage DEMI  :  99.6% of hours
  [seed 42] epoch 1/40  train loss 0.7025  val loss 0.7684  val AUC 0.5165
  [seed 42] epoch 2/40  train loss 0.6931  val loss 0.7507  val AUC 0.4908
  [seed 42] epoch 3/40  train loss 0.6905  val loss 0.7664  val AUC 0.5453
  [seed 42] epoch 4/40  train loss 0.6889  val loss 0.7536  val AUC 0.5223
  [seed 42] epoch 5/40  train loss 0.6872  val loss 0.7549  val AUC 0.5311
  [seed 42] epoch 6/40  train loss 0.6856  val loss 0.7567  val AUC 0.5587
  [seed 42] epoch 7/40  train loss 0.6835  val loss 0.7570  val AUC 0.5295
  [seed 42] epoch 8/40  train loss 0.6818  val loss 0.7593  val AUC 0.5434
  [seed 42] epoch 9/40  train loss 0.6806  val loss 0.7534  val AUC 0.5562
  [seed 42] epoch 10/40  train loss 0.6762  val loss 0.7494  val AUC 0.5504
  [seed 42] epoch 11/40  train loss 0.6754  val loss 0.7454  val AUC 0.5576
  [seed 42] epoch 12/40  train loss 0.6732  val loss 0.7674  val AUC 0.5459
  [seed 42] epoch 13/40  train loss 0.6715  val loss 0.7605  val AUC 0.5712
  [seed 42] epoch 14/40  train loss 0.6719  val loss 0.7480  val AUC 0.5681
  [seed 42] epoch 15/40  train loss 0.6707  val loss 0.7460  val AUC 0.5774
  [seed 42] epoch 16/40  train loss 0.6691  val loss 0.7528  val AUC 0.5384
  [seed 42] epoch 17/40  train loss 0.6675  val loss 0.7430  val AUC 0.5802
  [seed 42] epoch 18/40  train loss 0.6668  val loss 0.7460  val AUC 0.5860
  [seed 42] epoch 19/40  train loss 0.6664  val loss 0.7486  val AUC 0.5909
  [seed 42] epoch 20/40  train loss 0.6623  val loss 0.7562  val AUC 0.5863
  [seed 42] epoch 21/40  train loss 0.6635  val loss 0.7404  val AUC 0.5736
  [seed 42] epoch 22/40  train loss 0.6633  val loss 0.7524  val AUC 0.5823
  [seed 42] epoch 23/40  train loss 0.6645  val loss 0.7550  val AUC 0.5790
  [seed 42] epoch 24/40  train loss 0.6608  val loss 0.7481  val AUC 0.5763
  [seed 42] epoch 25/40  train loss 0.6579  val loss 0.7510  val AUC 0.5772
  [seed 42] epoch 26/40  train loss 0.6624  val loss 0.7615  val AUC 0.5640
  [seed 42] epoch 27/40  train loss 0.6587  val loss 0.7430  val AUC 0.5710
  [seed 42] test loss 0.7755  test AUC 0.5466
  [seed 43] epoch 1/40  train loss 0.7270  val loss 0.7253  val AUC 0.6160
  [seed 43] epoch 2/40  train loss 0.7248  val loss 0.7191  val AUC 0.6267
  [seed 43] epoch 3/40  train loss 0.7253  val loss 0.7208  val AUC 0.6189
  [seed 43] epoch 4/40  train loss 0.7246  val loss 0.7211  val AUC 0.6183
  [seed 43] epoch 5/40  train loss 0.7242  val loss 0.7235  val AUC 0.6221
  [seed 43] epoch 6/40  train loss 0.7247  val loss 0.7204  val AUC 0.6222
  [seed 43] epoch 7/40  train loss 0.7242  val loss 0.7187  val AUC 0.4270
  [seed 43] epoch 8/40  train loss 0.7233  val loss 0.7173  val AUC 0.4148
  [seed 43] epoch 9/40  train loss 0.7224  val loss 0.7174  val AUC 0.4088
  [seed 43] epoch 10/40  train loss 0.7217  val loss 0.7189  val AUC 0.3944
  [seed 43] test loss 0.7161  test AUC 0.6379
  [seed 44] epoch 1/40  train loss 0.7105  val loss 0.7077  val AUC 0.6086
  [seed 44] epoch 2/40  train loss 0.6991  val loss 0.7364  val AUC 0.5513
  [seed 44] epoch 3/40  train loss 0.6941  val loss 0.7529  val AUC 0.5291
  [seed 44] epoch 4/40  train loss 0.6935  val loss 0.7298  val AUC 0.5606
  [seed 44] epoch 5/40  train loss 0.6925  val loss 0.7448  val AUC 0.5895
  [seed 44] epoch 6/40  train loss 0.6902  val loss 0.7279  val AUC 0.5831
  [seed 44] epoch 7/40  train loss 0.6907  val loss 0.7364  val AUC 0.5592
  [seed 44] epoch 8/40  train loss 0.6898  val loss 0.7446  val AUC 0.5678
  [seed 44] epoch 9/40  train loss 0.6875  val loss 0.7388  val AUC 0.5528
  [seed 44] test loss 0.7162  test AUC 0.5743

--- Floors (test set) ---
  base-rate (majority)   AUC 0.5000   n=2471
  persistence            AUC 0.8294   Brier 0.2667   n=2471
  -> floor to clear      AUC 0.8294   (oriented: a rule below 0.5 is inverted for free)

--- multistation[features] ---
  per-seed AUC: ['0.5466', '0.6379', '0.5743']  mean 0.5863  spread 0.0914
  ENSEMBLE (mean of 3 seeds' probabilities)   AUC 0.5743   n=2471

--- multistation[features] ensemble (fold 5/5, test set) ---
  n                    2471
  accuracy             0.4124
  balanced_accuracy    0.5000
  precision            0.3921
  recall               0.9061
  f1                   0.5474
  roc_auc              0.5743
  pr_auc               0.4893
  mcc                  -0.0001
  brier                0.2567
  log_loss             0.7067
  brier_skill_score_vs_persistence 0.0373
  confusion_matrix:
    [141, 1361]
    [91, 878]

================================================================
Walk-forward CV summary (5/5 folds)
================================================================
  ensemble AUC per fold: ['0.3125', '0.5384', '0.4346', '0.5450', '0.5743']
  ensemble AUC:  mean 0.4809  std 0.0966
  floor AUC:     mean 0.7586  std 0.1303
  beats its own fold's floor in 0/5 folds
