  MANT: 36 file(s)
      TU_MANT_01052024_000000_22052024_000000_HH.mseed
      TU_MANT_02042025_000000_23042025_000000_HH.mseed
      TU_MANT_03072024_000000_24072024_000000_HH.mseed
      TU_MANT_04032026_000000_25032026_000000_HH.mseed
      TU_MANT_04062025_000000_25062025_000000_HH.mseed
      TU_MANT_04092024_000000_25092024_000000_HH.mseed
      TU_MANT_06052026_000000_27052026_000000_HH.mseed
      TU_MANT_06112024_000000_27112024_000000_HH.mseed
      TU_MANT_08012025_000000_29012025_000000_HH.mseed
      TU_MANT_08072026_000000_29072026_000000_HH.mseed
      TU_MANT_08102025_000000_29102025_000000_HH.mseed
      TU_MANT_10122025_000000_31122025_000000_HH.mseed
      TU_MANT_11022026_000000_04032026_000000_HH.mseed
      TU_MANT_12032025_000000_02042025_000000_HH.mseed
      TU_MANT_12062024_000000_03072024_000000_HH.mseed
      TU_MANT_14052025_000000_04062025_000000_HH.mseed
      TU_MANT_14082024_000000_04092024_000000_HH.mseed
      TU_MANT_15042026_000000_06052026_000000_HH.mseed
      TU_MANT_16072025_000000_06082025_000000_HH.mseed
      TU_MANT_16102024_000000_06112024_000000_HH.mseed
      TU_MANT_17062026_000000_08072026_000000_HH.mseed
      TU_MANT_18122024_000000_08012025_000000_HH.mseed
      TU_MANT_19022025_000000_12032025_000000_HH.mseed
      TU_MANT_19112025_000000_10122025_000000_HH.mseed
      TU_MANT_22052024_000000_12062024_000000_HH.mseed
      TU_MANT_23042025_000000_14052025_000000_HH.mseed
      TU_MANT_24072024_000000_14082024_000000_HH.mseed
      TU_MANT_25032026_000000_15042026_000000_HH.mseed
      TU_MANT_25062025_000000_16072025_000000_HH.mseed
      TU_MANT_25092024_000000_16102024_000000_HH.mseed
      TU_MANT_27052026_000000_17062026_000000_HH.mseed
      TU_MANT_27082025_000000_17092025_000000_HH.mseed
      TU_MANT_27112024_000000_18122024_000000_HH.mseed
      TU_MANT_29012025_000000_19022025_000000_HH.mseed
      TU_MANT_29072026_000000_10082026_000000_HH.mseed
      TU_MANT_29102025_000000_19112025_000000_HH.mseed
  MANT: 17,733 hour(s) touched
  DEMI: 31 file(s)
      TU_DEMI_01062025_000000_02062025_000000_HH.mseed
      TU_DEMI_01062026_000000_02062026_000000_HH.mseed
      TU_DEMI_01102024_000000_02102024_000000_HH.mseed
      TU_DEMI_01122024_000000_02122024_000000_HH.mseed
      TU_DEMI_01122025_000000_02122025_000000_HH.mseed
      TU_DEMI_02042025_000000_23042025_000000_HH.mseed
      TU_DEMI_04062025_000000_25062025_000000_HH.mseed
      TU_DEMI_06052026_000000_27052026_000000_HH.mseed
      TU_DEMI_06082025_000000_27082025_000000_HH.mseed
      TU_DEMI_06112024_000000_27112024_000000_HH.mseed
      TU_DEMI_08072026_000000_29072026_000000_HH.mseed
      TU_DEMI_08102025_000000_29102025_000000_HH.mseed
      TU_DEMI_10122025_000000_31122025_000000_HH.mseed
      TU_DEMI_11022026_000000_04032026_000000_HH.mseed
      TU_DEMI_14052025_000000_04062025_000000_HH.mseed
      TU_DEMI_15042026_000000_06052026_000000_HH.mseed
      TU_DEMI_16072025_000000_06082025_000000_HH.mseed
      TU_DEMI_16102024_000000_06112024_000000_HH.mseed
      TU_DEMI_17062026_000000_08072026_000000_HH.mseed
      TU_DEMI_17092025_000000_08102025_000000_HH.mseed
      TU_DEMI_18122024_000000_08012025_000000_HH.mseed
      TU_DEMI_19022025_000000_12032025_000000_HH.mseed
      TU_DEMI_19112025_000000_10122025_000000_HH.mseed
      TU_DEMI_21012026_000000_11022026_000000_HH.mseed
      TU_DEMI_23042025_000000_14052025_000000_HH.mseed
      TU_DEMI_25032026_000000_15042026_000000_HH.mseed
      TU_DEMI_25062025_000000_16072025_000000_HH.mseed
      TU_DEMI_25092024_000000_16102024_000000_HH.mseed
      TU_DEMI_27052026_000000_17062026_000000_HH.mseed
      TU_DEMI_29072026_000000_10082026_000000_HH.mseed
      TU_DEMI_31122025_000000_21012026_000000_HH.mseed
  DEMI: 12,899 hour(s) touched

  grid: 19,946 hours, 2024-04-30 23:00:00 -> 2026-08-10 00:00:00
  MANT   17,710 hour(s) present ( 88.8%)   -> MANT.npy (4.31 GB)
  DEMI   12,878 hour(s) present ( 64.6%)   -> DEMI.npy (4.31 GB)
    any    present  99.3%   <- what the masked model trains on
    all    present  54.0%   <- what an intersection-only model would get

  wrote wav5/index.parquet
